20:57:50 run 20260926_035748Z_boxjitter  tag=boxjitter  git=ffe6d45
20:57:50 config configs/train_video.yaml -> /home/rileydaggs/projects/video-ft/ckpts/20260926_035748Z_boxjitter/config_resolved.yaml
20:57:50 splits: train 157 incidents / 104 cameras, val 13, test 28
20:57:50 config_all --check: clean (11 divergences still true)
20:57:50 building clips ...
20:57:51   324195_ec-208-4_711017_711100                  poly=   0 capped=  0 boxed=  0 masklets= 0 stride= 0 clips=  0  no polygons
20:57:51 train: 2204 clips over 156 incidents | val: 223 clips
20:57:51 clip signature 06400a83716793ff
20:57:51 run directory complete: /home/rileydaggs/projects/video-ft/ckpts/20260926_035748Z_boxjitter
20:57:51   clip_manifest.jsonl
20:57:51   config_resolved.yaml
20:57:51   prompt_schedule.jsonl
20:57:51   provenance.json
20:57:51   repro.sh
20:57:51   run.log
20:57:51   splits_resolved.yaml
20:57:51   train.log
20:57:51 building tracker ...
20:58:10 base weights: 1068 tensors from sam3.pt (295 unexpected)
20:58:11 init_from best.pt  {'run_name': 'all_train_20260921_204343Z_L4E-2', 'epoch': 12}
20:58:11 tracker prepared: num_maskmem=7 max_cond=2 keep_first=True dropout=0.00 (16 modules, 8 attn) grad_ckpt=False
20:58:11   trainable mask_downsample.    2 tensors    0.0000M
20:58:11   trainable maskmem_backbone.   40 tensors    1.3846M
20:58:11   trainable obj_ptr_proj.    6 tensors    0.1974M
20:58:11   trainable obj_ptr_tpos_proj.    2 tensors    0.0164M
20:58:11   trainable tokens          5 tensors    0.0013M
20:58:11   trainable transformer.  106 tensors    5.9223M
20:58:11   trainable TOTAL         161 tensors    7.5220M
20:58:11 excluded from the optimizer (no reachable gradient): mask_downsample.weight, mask_downsample.bias
20:58:11 optimizer: memory=159t@1.00e-04
20:58:11 epoch 0: zero-shot val pass
20:58:14   memory bank composition (batch 0):
20:58:14       t   cond  prompted |    n_cond  n_recent |  attended
20:58:14       0   True      True |         1         0 |         1
20:58:14       1  False      True |         1         1 |         1
20:58:14       2  False      True |         1         2 |         2
20:58:14       3  False      True |         1         3 |         2
20:58:14       4  False      True |         1         4 |         3
20:58:14       5  False      True |         1         5 |         3
20:58:14       6  False      True |         1         6 |         4
20:58:14       7  False      True |         1         6 |         4
20:58:14   val   e0 [   0/223] loss 0.4482 iou 0.4031 p=0.90
20:58:49   val   e0 [  50/223] loss 0.3074 iou 0.5706 p=0.90
20:59:26   val   e0 [ 100/223] loss 0.4883 iou 0.5973 p=0.90
21:00:04   val   e0 [ 150/223] loss 0.0506 iou 0.9276 p=0.90
21:00:41   val   e0 [ 200/223] loss 0.7401 iou 0.2025 p=0.90
21:00:57   val e0  loss 0.4601 iou_fused 0.5186 (best-of-3 0.5942)  boxed 0.92  by_t [0.493, 0.494, 0.512, 0.527, 0.53, 0.539, 0.531, 0.524]  by_kind {'cond': 0.493, 'prompted': 0.529, 'dropout': 0.365}
21:00:59   memory bank composition (batch 0):
21:00:59       t   cond  prompted |    n_cond  n_recent |  attended
21:00:59       0   True      True |         1         0 |         1
21:00:59       1  False      True |         1         1 |         2
21:00:59       2  False      True |         1         2 |         3
21:00:59       3  False     False |         1         3 |         4
21:00:59       4  False     False |         1         4 |         5
21:00:59       5  False     False |         1         5 |         6
21:00:59       6  False     False |         1         6 |         7
21:00:59   train e1 [   0/2204] loss 0.3709 iou 0.6316 p=0.47
21:01:41   train e1 [  50/2204] loss 0.9506 iou 0.4638 p=0.57
21:02:23   train e1 [ 100/2204] loss 0.2458 iou 0.5464 p=0.30
21:03:06   train e1 [ 150/2204] loss 0.2218 iou 0.6068 p=0.70
21:03:48   train e1 [ 200/2204] loss 0.1749 iou 0.7541 p=0.31
21:04:30   train e1 [ 250/2204] loss 0.5665 iou 0.4152 p=0.89
21:05:12   train e1 [ 300/2204] loss 0.2891 iou 0.5417 p=0.88
21:05:54   train e1 [ 350/2204] loss 0.2939 iou 0.4987 p=0.79
21:06:36   train e1 [ 400/2204] loss 0.4212 iou 0.3745 p=0.69
21:07:18   train e1 [ 450/2204] loss 0.6578 iou 0.1633 p=0.83
21:08:01   train e1 [ 500/2204] loss 0.3682 iou 0.3913 p=0.37
21:08:43   train e1 [ 550/2204] loss 0.3675 iou 0.4630 p=0.53
21:09:26   train e1 [ 600/2204] loss 0.3276 iou 0.5154 p=0.67
21:10:09   train e1 [ 650/2204] loss 0.1207 iou 0.8147 p=0.56
21:10:52   train e1 [ 700/2204] loss 0.3782 iou 0.4660 p=0.82
21:11:35   train e1 [ 750/2204] loss 0.2766 iou 0.5334 p=0.77
21:12:18   train e1 [ 800/2204] loss 0.3849 iou 0.4268 p=0.51
21:13:01   train e1 [ 850/2204] loss 0.4877 iou 0.3467 p=0.55
21:13:44   train e1 [ 900/2204] loss 0.7136 iou 0.1830 p=0.57
21:14:28   train e1 [ 950/2204] loss 0.3384 iou 0.4536 p=0.38
21:15:10   train e1 [1000/2204] loss 0.1754 iou 0.6691 p=0.83
21:15:53   train e1 [1050/2204] loss 0.3810 iou 0.5216 p=0.51
21:16:35   train e1 [1100/2204] loss 0.6320 iou 0.2314 p=0.50
21:17:18   train e1 [1150/2204] loss 0.6195 iou 0.2340 p=0.50
21:18:01   train e1 [1200/2204] loss 0.4794 iou 0.2849 p=0.57
21:18:44   train e1 [1250/2204] loss 0.3292 iou 0.4838 p=0.56
21:19:28   train e1 [1300/2204] loss 0.3047 iou 0.4971 p=0.86
21:20:11   train e1 [1350/2204] loss 0.3928 iou 0.4422 p=0.36
21:20:54   train e1 [1400/2204] loss 0.1529 iou 0.7392 p=0.72
21:21:37   train e1 [1450/2204] loss 0.5221 iou 0.4466 p=0.88
21:22:20   train e1 [1500/2204] loss 0.0910 iou 0.8682 p=0.71
21:23:03   train e1 [1550/2204] loss 0.1008 iou 0.8459 p=0.73
21:23:46   train e1 [1600/2204] loss 0.3643 iou 0.4406 p=0.84
21:24:30   train e1 [1650/2204] loss 0.1319 iou 0.7722 p=0.63
21:25:13   train e1 [1700/2204] loss 0.2630 iou 0.5491 p=0.69
21:25:56   train e1 [1750/2204] loss 0.0893 iou 0.8541 p=0.80
21:26:39   train e1 [1800/2204] loss 0.1499 iou 0.7632 p=0.86
21:27:23   train e1 [1850/2204] loss 0.2738 iou 0.5810 p=0.72
21:28:06   train e1 [1900/2204] loss 0.1985 iou 0.5991 p=0.30
21:28:49   train e1 [1950/2204] loss 0.2631 iou 0.6609 p=0.41
21:29:33   train e1 [2000/2204] loss 0.1592 iou 0.6830 p=0.72
21:30:16   train e1 [2050/2204] loss 0.4546 iou 0.3386 p=0.78
21:30:59   train e1 [2100/2204] loss 0.3037 iou 0.5326 p=0.49
21:31:42   train e1 [2150/2204] loss 0.3928 iou 0.5675 p=0.84
21:32:25   train e1 [2200/2204] loss 0.1830 iou 0.6635 p=0.42
21:32:28 train e1  loss 0.3465 iou_fused 0.5290  1890s  zero-grad frames 78
21:32:29   val   e1 [   0/223] loss 0.4645 iou 0.3729 p=0.66
21:33:07   val   e1 [  50/223] loss 0.2762 iou 0.5903 p=0.46
21:33:45   val   e1 [ 100/223] loss 0.3520 iou 0.5677 p=0.39
21:34:23   val   e1 [ 150/223] loss 0.0407 iou 0.9430 p=0.41
21:35:02   val   e1 [ 200/223] loss 0.3671 iou 0.4905 p=0.51
21:35:18   val e1  loss 0.2746 iou_fused 0.6012 (best-of-3 0.6804)  boxed 0.99  by_t [0.543, 0.61, 0.62, 0.62, 0.621, 0.615, 0.6, 0.581]  by_kind {'cond': 0.543, 'prompted': 0.61, 'dropout': 0.503}
21:35:19   new best iou_fused 0.6012 -> best.pt
21:35:21   train e2 [   0/2204] loss 0.3578 iou 0.4792 p=0.32
21:36:04   train e2 [  50/2204] loss 0.5044 iou 0.3246 p=0.46
21:36:47   train e2 [ 100/2204] loss 0.2497 iou 0.6333 p=0.70
21:37:31   train e2 [ 150/2204] loss 0.1679 iou 0.7121 p=0.68
21:38:14   train e2 [ 200/2204] loss 0.3022 iou 0.4806 p=0.39
21:38:57   train e2 [ 250/2204] loss 0.2913 iou 0.4793 p=0.34
21:39:40   train e2 [ 300/2204] loss 0.1704 iou 0.6877 p=0.71
21:40:24   train e2 [ 350/2204] loss 0.5233 iou 0.3479 p=0.46
21:41:07   train e2 [ 400/2204] loss 0.2200 iou 0.6293 p=0.40
21:41:51   train e2 [ 450/2204] loss 0.1882 iou 0.7362 p=0.83
21:42:34   train e2 [ 500/2204] loss 0.1706 iou 0.8580 p=0.80
21:43:17   train e2 [ 550/2204] loss 0.4771 iou 0.3045 p=0.77
21:44:01   train e2 [ 600/2204] loss 0.2614 iou 0.6006 p=0.83
21:44:44   train e2 [ 650/2204] loss 0.1042 iou 0.8302 p=0.42
21:45:28   train e2 [ 700/2204] loss 0.4771 iou 0.4062 p=0.83
21:46:11   train e2 [ 750/2204] loss 0.2183 iou 0.5949 p=0.39
21:46:55   train e2 [ 800/2204] loss 0.2119 iou 0.5746 p=0.86
21:47:38   train e2 [ 850/2204] loss 0.1251 iou 0.7580 p=0.63
21:48:21   train e2 [ 900/2204] loss 0.1583 iou 0.7565 p=0.53
21:49:05   train e2 [ 950/2204] loss 0.3037 iou 0.5416 p=0.57
21:49:48   train e2 [1000/2204] loss 0.5943 iou 0.2638 p=0.66
21:50:31   train e2 [1050/2204] loss 0.4083 iou 0.4226 p=0.78
21:51:14   train e2 [1100/2204] loss 0.7771 iou 0.1581 p=0.83
21:51:57   train e2 [1150/2204] loss 0.7336 iou 0.2146 p=0.46
21:52:40   train e2 [1200/2204] loss 0.2697 iou 0.5067 p=0.67
21:53:23   train e2 [1250/2204] loss 0.1885 iou 0.6661 p=0.85
21:54:06   train e2 [1300/2204] loss 0.2918 iou 0.4648 p=0.45
21:54:49   train e2 [1350/2204] loss 0.1598 iou 0.6879 p=0.31
21:55:32   train e2 [1400/2204] loss 0.2547 iou 0.5721 p=0.41
21:56:15   train e2 [1450/2204] loss 0.4524 iou 0.3589 p=0.34
21:56:58   train e2 [1500/2204] loss 0.3719 iou 0.4564 p=0.45
21:57:41   train e2 [1550/2204] loss 0.3040 iou 0.6236 p=0.34
21:58:24   train e2 [1600/2204] loss 0.3904 iou 0.5637 p=0.55
21:59:07   train e2 [1650/2204] loss 0.2265 iou 0.6731 p=0.66
21:59:51   train e2 [1700/2204] loss 0.2094 iou 0.5969 p=0.39
22:00:34   train e2 [1750/2204] loss 0.1348 iou 0.6966 p=0.86
22:01:17   train e2 [1800/2204] loss 0.1982 iou 0.6701 p=0.37
22:02:01   train e2 [1850/2204] loss 0.1693 iou 0.7167 p=0.52
22:02:44   train e2 [1900/2204] loss 0.2435 iou 0.5323 p=0.78
22:03:27   train e2 [1950/2204] loss 0.3025 iou 0.4410 p=0.63
22:04:09   train e2 [2000/2204] loss 0.1004 iou 0.8420 p=0.67
22:04:53   train e2 [2050/2204] loss 0.2476 iou 0.4701 p=0.57
22:05:36   train e2 [2100/2204] loss 0.2654 iou 0.5623 p=0.56
22:06:19   train e2 [2150/2204] loss 0.2949 iou 0.4981 p=0.74
22:07:02   train e2 [2200/2204] loss 0.0786 iou 0.8227 p=0.76
22:07:05 train e2  loss 0.2749 iou_fused 0.5885  1905s  zero-grad frames 15
22:07:06   val   e2 [   0/223] loss 0.3892 iou 0.4719 p=0.83
22:07:44   val   e2 [  50/223] loss 0.3074 iou 0.5806 p=0.87
22:08:23   val   e2 [ 100/223] loss 0.3330 iou 0.5555 p=0.59
22:09:01   val   e2 [ 150/223] loss 0.0389 iou 0.9451 p=0.35
22:09:39   val   e2 [ 200/223] loss 0.3593 iou 0.4268 p=0.37
22:09:56   val e2  loss 0.2782 iou_fused 0.5994 (best-of-3 0.6807)  boxed 1.00  by_t [0.562, 0.613, 0.62, 0.62, 0.616, 0.603, 0.587, 0.573]  by_kind {'cond': 0.562, 'prompted': 0.605, 'dropout': 0.506}
22:09:58   train e3 [   0/2204] loss 0.1560 iou 0.7538 p=0.86
22:10:41   train e3 [  50/2204] loss 0.1129 iou 0.7996 p=0.62
22:11:24   train e3 [ 100/2204] loss 0.2638 iou 0.5405 p=0.88
22:12:08   train e3 [ 150/2204] loss 0.1222 iou 0.8300 p=0.31
22:12:51   train e3 [ 200/2204] loss 0.2327 iou 0.6202 p=0.50
22:13:34   train e3 [ 250/2204] loss 0.2244 iou 0.6360 p=0.80
22:14:17   train e3 [ 300/2204] loss 0.3677 iou 0.6573 p=0.58
22:15:00   train e3 [ 350/2204] loss 0.2140 iou 0.6420 p=0.71
22:15:43   train e3 [ 400/2204] loss 0.2617 iou 0.6441 p=0.50
22:16:26   train e3 [ 450/2204] loss 0.2442 iou 0.5504 p=0.78
22:17:09   train e3 [ 500/2204] loss 0.3341 iou 0.5040 p=0.70
22:17:52   train e3 [ 550/2204] loss 0.3176 iou 0.4181 p=0.83
22:18:36   train e3 [ 600/2204] loss 0.3121 iou 0.5224 p=0.49
22:19:19   train e3 [ 650/2204] loss 0.1985 iou 0.7230 p=0.87
22:20:02   train e3 [ 700/2204] loss 0.1854 iou 0.5512 p=0.41
22:20:45   train e3 [ 750/2204] loss 0.2900 iou 0.5758 p=0.87
22:21:28   train e3 [ 800/2204] loss 0.2670 iou 0.5923 p=0.69
22:22:11   train e3 [ 850/2204] loss 0.3607 iou 0.5295 p=0.56
22:22:55   train e3 [ 900/2204] loss 0.1552 iou 0.7206 p=0.78
22:23:38   train e3 [ 950/2204] loss 0.2621 iou 0.5434 p=0.43
22:24:21   train e3 [1000/2204] loss 0.1639 iou 0.6961 p=0.64
22:25:04   train e3 [1050/2204] loss 0.1789 iou 0.6482 p=0.40
22:25:47   train e3 [1100/2204] loss 0.2175 iou 0.6158 p=0.83
22:26:30   train e3 [1150/2204] loss 0.2603 iou 0.5583 p=0.60
22:27:13   train e3 [1200/2204] loss 0.1091 iou 0.8433 p=0.35
22:27:56   train e3 [1250/2204] loss 0.1950 iou 0.6492 p=0.68
22:28:39   train e3 [1300/2204] loss 0.3149 iou 0.5413 p=0.40
22:29:22   train e3 [1350/2204] loss 0.5155 iou 0.3229 p=0.56
22:30:05   train e3 [1400/2204] loss 0.1084 iou 0.8266 p=0.83
22:30:49   train e3 [1450/2204] loss 0.5622 iou 0.3177 p=0.54
22:31:32   train e3 [1500/2204] loss 0.2510 iou 0.5645 p=0.70
22:32:15   train e3 [1550/2204] loss 0.2340 iou 0.5963 p=0.41
22:32:58   train e3 [1600/2204] loss 0.2384 iou 0.6178 p=0.38
22:33:41   train e3 [1650/2204] loss 0.1913 iou 0.6719 p=0.37
22:34:24   train e3 [1700/2204] loss 0.2829 iou 0.5228 p=0.87
22:35:07   train e3 [1750/2204] loss 0.1297 iou 0.7422 p=0.74
22:35:50   train e3 [1800/2204] loss 0.2091 iou 0.5922 p=0.30
22:36:33   train e3 [1850/2204] loss 0.2613 iou 0.5056 p=0.67
22:37:16   train e3 [1900/2204] loss 0.2785 iou 0.7011 p=0.80
22:37:59   train e3 [1950/2204] loss 0.2131 iou 0.6844 p=0.47
22:38:42   train e3 [2000/2204] loss 0.4294 iou 0.2830 p=0.31
22:39:25   train e3 [2050/2204] loss 0.2880 iou 0.5926 p=0.49
22:40:08   train e3 [2100/2204] loss 0.4942 iou 0.6642 p=0.90
22:40:51   train e3 [2150/2204] loss 0.2100 iou 0.6224 p=0.51
22:41:34   train e3 [2200/2204] loss 0.1158 iou 0.8128 p=0.55
22:41:37 train e3  loss 0.2460 iou_fused 0.6179  1900s  zero-grad frames 20
22:41:39   val   e3 [   0/223] loss 0.3515 iou 0.4825 p=0.80
22:42:17   val   e3 [  50/223] loss 0.3490 iou 0.5943 p=0.88
22:42:55   val   e3 [ 100/223] loss 0.3253 iou 0.5991 p=0.71
22:43:33   val   e3 [ 150/223] loss 0.0388 iou 0.9450 p=0.51
22:44:12   val   e3 [ 200/223] loss 0.3158 iou 0.5788 p=0.59
22:44:29   val e3  loss 0.2513 iou_fused 0.6373 (best-of-3 0.7044)  boxed 0.99  by_t [0.568, 0.632, 0.645, 0.653, 0.666, 0.661, 0.648, 0.625]  by_kind {'cond': 0.568, 'prompted': 0.644, 'dropout': 0.689}
22:44:30   new best iou_fused 0.6373 -> best.pt
22:44:32   train e4 [   0/2204] loss 0.1371 iou 0.6950 p=0.71
22:45:14   train e4 [  50/2204] loss 0.1649 iou 0.7312 p=0.34
22:45:57   train e4 [ 100/2204] loss 0.2866 iou 0.5803 p=0.59
22:46:40   train e4 [ 150/2204] loss 0.2579 iou 0.6040 p=0.48
22:47:23   train e4 [ 200/2204] loss 0.3682 iou 0.5140 p=0.78
22:48:06   train e4 [ 250/2204] loss 0.2010 iou 0.7401 p=0.45
22:48:49   train e4 [ 300/2204] loss 0.1725 iou 0.7073 p=0.88
22:49:32   train e4 [ 350/2204] loss 0.1367 iou 0.7422 p=0.40
22:50:15   train e4 [ 400/2204] loss 0.0595 iou 0.8920 p=0.79
22:50:58   train e4 [ 450/2204] loss 0.1243 iou 0.8098 p=0.84
22:51:40   train e4 [ 500/2204] loss 0.2532 iou 0.5641 p=0.34
22:52:24   train e4 [ 550/2204] loss 0.2393 iou 0.6559 p=0.61
22:53:07   train e4 [ 600/2204] loss 0.1961 iou 0.6348 p=0.61
22:53:50   train e4 [ 650/2204] loss 0.1873 iou 0.6051 p=0.66
22:54:33   train e4 [ 700/2204] loss 0.2900 iou 0.4933 p=0.48
22:55:15   train e4 [ 750/2204] loss 0.1726 iou 0.8178 p=0.58
22:55:58   train e4 [ 800/2204] loss 0.1591 iou 0.7033 p=0.82
22:56:41   train e4 [ 850/2204] loss 0.1740 iou 0.6878 p=0.71
22:57:24   train e4 [ 900/2204] loss 0.1999 iou 0.6450 p=0.37
22:58:07   train e4 [ 950/2204] loss 0.0573 iou 0.8270 p=0.59
22:58:50   train e4 [1000/2204] loss 0.3046 iou 0.5174 p=0.66
22:59:33   train e4 [1050/2204] loss 0.0688 iou 0.9312 p=0.31
23:00:16   train e4 [1100/2204] loss 0.2382 iou 0.6008 p=0.81
23:00:59   train e4 [1150/2204] loss 0.2811 iou 0.4924 p=0.66
23:01:42   train e4 [1200/2204] loss 0.1036 iou 0.8064 p=0.74
23:02:26   train e4 [1250/2204] loss 0.2865 iou 0.5383 p=0.87
23:03:09   train e4 [1300/2204] loss 0.3691 iou 0.4476 p=0.53
23:03:52   train e4 [1350/2204] loss 0.2930 iou 0.5091 p=0.55
23:04:35   train e4 [1400/2204] loss 0.2816 iou 0.6530 p=0.81
23:05:18   train e4 [1450/2204] loss 0.1968 iou 0.7237 p=0.31
23:06:01   train e4 [1500/2204] loss 0.1143 iou 0.7677 p=0.33
23:06:44   train e4 [1550/2204] loss 0.1874 iou 0.6226 p=0.44
23:07:27   train e4 [1600/2204] loss 0.2313 iou 0.5767 p=0.77
23:08:10   train e4 [1650/2204] loss 0.3556 iou 0.4872 p=0.59
23:08:53   train e4 [1700/2204] loss 0.0983 iou 0.8382 p=0.50
23:09:36   train e4 [1750/2204] loss 0.1675 iou 0.6881 p=0.57
23:10:19   train e4 [1800/2204] loss 0.0997 iou 0.8253 p=0.58
23:11:02   train e4 [1850/2204] loss 0.0989 iou 0.8007 p=0.86
23:11:45   train e4 [1900/2204] loss 0.2641 iou 0.6079 p=0.47
23:12:29   train e4 [1950/2204] loss 0.2491 iou 0.5269 p=0.52
23:13:12   train e4 [2000/2204] loss 0.1698 iou 0.7235 p=0.67
23:13:56   train e4 [2050/2204] loss 0.2477 iou 0.6433 p=0.53
23:14:39   train e4 [2100/2204] loss 0.1669 iou 0.6699 p=0.41
23:15:22   train e4 [2150/2204] loss 0.2978 iou 0.5794 p=0.88
23:16:06   train e4 [2200/2204] loss 0.1197 iou 0.7875 p=0.41
23:16:08 train e4  loss 0.2207 iou_fused 0.6450  1898s  zero-grad frames 11
23:16:10   val   e4 [   0/223] loss 0.3762 iou 0.4770 p=0.77
23:16:48   val   e4 [  50/223] loss 0.3238 iou 0.6048 p=0.78
23:17:27   val   e4 [ 100/223] loss 0.3633 iou 0.6033 p=0.58
23:18:06   val   e4 [ 150/223] loss 0.0371 iou 0.9432 p=0.48
23:18:45   val   e4 [ 200/223] loss 0.3179 iou 0.5647 p=0.39
23:19:02   val e4  loss 0.2538 iou_fused 0.6390 (best-of-3 0.7017)  boxed 0.99  by_t [0.569, 0.636, 0.654, 0.656, 0.669, 0.664, 0.645, 0.619]  by_kind {'cond': 0.569, 'prompted': 0.647, 'dropout': 0.694}
23:19:03   new best iou_fused 0.6390 -> best.pt
23:19:05   train e5 [   0/2204] loss 0.2418 iou 0.6375 p=0.42
23:19:48   train e5 [  50/2204] loss 0.1638 iou 0.6967 p=0.89
23:20:31   train e5 [ 100/2204] loss 0.2736 iou 0.4889 p=0.74
23:21:14   train e5 [ 150/2204] loss 0.3011 iou 0.5931 p=0.36
23:21:57   train e5 [ 200/2204] loss 0.2903 iou 0.4851 p=0.70
23:22:40   train e5 [ 250/2204] loss 0.1107 iou 0.7344 p=0.74
23:23:24   train e5 [ 300/2204] loss 0.3449 iou 0.6659 p=0.43
23:24:07   train e5 [ 350/2204] loss 0.1592 iou 0.6925 p=0.50
23:24:50   train e5 [ 400/2204] loss 0.1204 iou 0.7371 p=0.64
23:25:33   train e5 [ 450/2204] loss 0.2048 iou 0.7032 p=0.39
23:26:16   train e5 [ 500/2204] loss 0.1987 iou 0.6751 p=0.86
23:26:59   train e5 [ 550/2204] loss 0.4711 iou 0.4989 p=0.34
23:27:42   train e5 [ 600/2204] loss 0.0954 iou 0.8327 p=0.65
23:28:25   train e5 [ 650/2204] loss 0.2495 iou 0.6434 p=0.69
23:29:09   train e5 [ 700/2204] loss 0.3387 iou 0.5978 p=0.54
23:29:52   train e5 [ 750/2204] loss 0.1463 iou 0.6963 p=0.68
23:30:35   train e5 [ 800/2204] loss 0.0654 iou 0.9219 p=0.86
23:31:19   train e5 [ 850/2204] loss 0.5472 iou 0.3809 p=0.75
23:32:02   train e5 [ 900/2204] loss 0.2754 iou 0.5052 p=0.31
23:32:45   train e5 [ 950/2204] loss 0.1995 iou 0.6722 p=0.42
23:33:28   train e5 [1000/2204] loss 0.1239 iou 0.6869 p=0.90
23:34:11   train e5 [1050/2204] loss 0.1275 iou 0.7662 p=0.30
23:34:54   train e5 [1100/2204] loss 0.2055 iou 0.6367 p=0.70
23:35:38   train e5 [1150/2204] loss 0.1562 iou 0.6980 p=0.52
23:36:21   train e5 [1200/2204] loss 0.1964 iou 0.6112 p=0.88
23:37:04   train e5 [1250/2204] loss 0.1508 iou 0.8328 p=0.55
23:37:47   train e5 [1300/2204] loss 0.2603 iou 0.5896 p=0.34
23:38:30   train e5 [1350/2204] loss 0.1091 iou 0.8154 p=0.39
23:39:14   train e5 [1400/2204] loss 0.1684 iou 0.7141 p=0.45
23:39:57   train e5 [1450/2204] loss 0.1449 iou 0.7615 p=0.90
23:40:40   train e5 [1500/2204] loss 0.3266 iou 0.5012 p=0.41
23:41:23   train e5 [1550/2204] loss 0.0949 iou 0.8693 p=0.89
23:42:06   train e5 [1600/2204] loss 0.1688 iou 0.7284 p=0.67
23:42:50   train e5 [1650/2204] loss 0.2562 iou 0.5502 p=0.56
23:43:33   train e5 [1700/2204] loss 0.1343 iou 0.7481 p=0.52
23:44:15   train e5 [1750/2204] loss 0.2796 iou 0.4956 p=0.31
23:44:58   train e5 [1800/2204] loss 0.1395 iou 0.7137 p=0.63
23:45:41   train e5 [1850/2204] loss 0.2482 iou 0.6370 p=0.62
23:46:24   train e5 [1900/2204] loss 0.3497 iou 0.4021 p=0.31
23:47:07   train e5 [1950/2204] loss 0.1566 iou 0.7683 p=0.86
23:47:50   train e5 [2000/2204] loss 0.1519 iou 0.7261 p=0.77
23:48:33   train e5 [2050/2204] loss 0.2083 iou 0.6306 p=0.55
23:49:16   train e5 [2100/2204] loss 0.2007 iou 0.6308 p=0.82
23:49:59   train e5 [2150/2204] loss 0.2529 iou 0.6128 p=0.44
23:50:42   train e5 [2200/2204] loss 0.2770 iou 0.5372 p=0.83
23:50:45 train e5  loss 0.1997 iou_fused 0.6676  1902s  zero-grad frames 18
23:50:47   val   e5 [   0/223] loss 0.3189 iou 0.4948 p=0.57
23:51:25   val   e5 [  50/223] loss 0.3477 iou 0.5936 p=0.77
23:52:04   val   e5 [ 100/223] loss 0.4522 iou 0.4661 p=0.56
23:52:43   val   e5 [ 150/223] loss 0.0364 iou 0.9427 p=0.42
23:53:22   val   e5 [ 200/223] loss 0.3383 iou 0.5268 p=0.71
23:53:40   val e5  loss 0.2753 iou_fused 0.6199 (best-of-3 0.6910)  boxed 1.00  by_t [0.57, 0.625, 0.628, 0.632, 0.647, 0.64, 0.62, 0.597]  by_kind {'cond': 0.57, 'prompted': 0.627, 'dropout': 0.598}
23:53:42   train e6 [   0/2204] loss 0.1383 iou 0.7515 p=0.86
23:54:25   train e6 [  50/2204] loss 0.1827 iou 0.6703 p=0.84
23:55:08   train e6 [ 100/2204] loss 0.1382 iou 0.7522 p=0.65
23:55:51   train e6 [ 150/2204] loss 0.2116 iou 0.7517 p=0.65
23:56:33   train e6 [ 200/2204] loss 0.1365 iou 0.7357 p=0.76
23:57:16   train e6 [ 250/2204] loss 0.0998 iou 0.7714 p=0.57
23:57:59   train e6 [ 300/2204] loss 0.1748 iou 0.7822 p=0.87
23:58:43   train e6 [ 350/2204] loss 0.3008 iou 0.5319 p=0.49
23:59:26   train e6 [ 400/2204] loss 0.1783 iou 0.7099 p=0.47
00:00:09   train e6 [ 450/2204] loss 0.1658 iou 0.7203 p=0.66
00:00:52   train e6 [ 500/2204] loss 0.1462 iou 0.7686 p=0.86
00:01:35   train e6 [ 550/2204] loss 0.2046 iou 0.6351 p=0.57
00:02:19   train e6 [ 600/2204] loss 0.2269 iou 0.6929 p=0.75
00:03:02   train e6 [ 650/2204] loss 0.0632 iou 0.8918 p=0.59
00:03:44   train e6 [ 700/2204] loss 0.1979 iou 0.6986 p=0.69
00:04:27   train e6 [ 750/2204] loss 0.1321 iou 0.7770 p=0.37
00:05:09   train e6 [ 800/2204] loss 0.1253 iou 0.7361 p=0.31
00:05:52   train e6 [ 850/2204] loss 0.1786 iou 0.6386 p=0.34
00:06:35   train e6 [ 900/2204] loss 0.1075 iou 0.8073 p=0.31
00:07:17   train e6 [ 950/2204] loss 0.0550 iou 0.9149 p=0.34
00:08:00   train e6 [1000/2204] loss 0.0451 iou 0.9153 p=0.73
00:08:43   train e6 [1050/2204] loss 0.1802 iou 0.5992 p=0.40
00:09:25   train e6 [1100/2204] loss 0.0897 iou 0.8819 p=0.50
00:10:08   train e6 [1150/2204] loss 0.1872 iou 0.6774 p=0.35
00:10:51   train e6 [1200/2204] loss 0.2331 iou 0.5887 p=0.55
00:11:34   train e6 [1250/2204] loss 0.1207 iou 0.7639 p=0.63
00:12:17   train e6 [1300/2204] loss 0.2058 iou 0.6556 p=0.88
00:13:00   train e6 [1350/2204] loss 0.2569 iou 0.5746 p=0.78
00:13:44   train e6 [1400/2204] loss 0.0814 iou 0.8286 p=0.46
00:14:28   train e6 [1450/2204] loss 0.1760 iou 0.7110 p=0.82
00:15:10   train e6 [1500/2204] loss 0.1461 iou 0.7121 p=0.39
00:15:53   train e6 [1550/2204] loss 0.2669 iou 0.5535 p=0.56
00:16:36   train e6 [1600/2204] loss 0.1913 iou 0.6466 p=0.82
00:17:19   train e6 [1650/2204] loss 0.2430 iou 0.5726 p=0.54
00:18:02   train e6 [1700/2204] loss 0.1560 iou 0.7027 p=0.63
00:18:45   train e6 [1750/2204] loss 0.1702 iou 0.7721 p=0.87
00:19:28   train e6 [1800/2204] loss 0.1294 iou 0.7563 p=0.32
00:20:11   train e6 [1850/2204] loss 0.1512 iou 0.7270 p=0.74
00:20:54   train e6 [1900/2204] loss 0.1875 iou 0.6615 p=0.77
00:21:37   train e6 [1950/2204] loss 0.2198 iou 0.6167 p=0.61
00:22:20   train e6 [2000/2204] loss 0.1970 iou 0.7333 p=0.76
00:23:03   train e6 [2050/2204] loss 0.0576 iou 0.9213 p=0.66
00:23:47   train e6 [2100/2204] loss 0.1616 iou 0.6747 p=0.65
00:24:30   train e6 [2150/2204] loss 0.2044 iou 0.6653 p=0.81
00:25:13   train e6 [2200/2204] loss 0.2561 iou 0.5571 p=0.48
00:25:16 train e6  loss 0.1827 iou_fused 0.6876  1895s  zero-grad frames 16
00:25:17   val   e6 [   0/223] loss 0.3294 iou 0.4851 p=0.45
00:25:56   val   e6 [  50/223] loss 0.3491 iou 0.5958 p=0.83
00:26:35   val   e6 [ 100/223] loss 0.3886 iou 0.5547 p=0.48
00:27:14   val   e6 [ 150/223] loss 0.0354 iou 0.9423 p=0.63
00:27:53   val   e6 [ 200/223] loss 0.3333 iou 0.4876 p=0.80
00:28:10   val e6  loss 0.2794 iou_fused 0.6182 (best-of-3 0.6893)  boxed 0.99  by_t [0.57, 0.625, 0.628, 0.634, 0.643, 0.636, 0.617, 0.593]  by_kind {'cond': 0.57, 'prompted': 0.624, 'dropout': 0.695}
00:28:12   train e7 [   0/2204] loss 0.0655 iou 0.9007 p=0.65
00:28:55   train e7 [  50/2204] loss 0.0813 iou 0.8352 p=0.79
00:29:38   train e7 [ 100/2204] loss 0.1292 iou 0.7210 p=0.45
00:30:21   train e7 [ 150/2204] loss 0.2949 iou 0.6356 p=0.65
00:31:04   train e7 [ 200/2204] loss 0.2061 iou 0.5762 p=0.84
00:31:47   train e7 [ 250/2204] loss 0.2729 iou 0.5076 p=0.49
00:32:30   train e7 [ 300/2204] loss 0.1244 iou 0.7512 p=0.67
00:33:13   train e7 [ 350/2204] loss 0.1841 iou 0.7279 p=0.38
00:33:56   train e7 [ 400/2204] loss 0.2754 iou 0.5496 p=0.75
00:34:39   train e7 [ 450/2204] loss 0.1397 iou 0.7366 p=0.39
00:35:22   train e7 [ 500/2204] loss 0.1030 iou 0.7140 p=0.48
00:36:05   train e7 [ 550/2204] loss 0.1444 iou 0.7133 p=0.76
00:36:48   train e7 [ 600/2204] loss 0.1909 iou 0.6466 p=0.54
00:37:31   train e7 [ 650/2204] loss 0.2638 iou 0.5960 p=0.32
00:38:14   train e7 [ 700/2204] loss 0.1568 iou 0.7660 p=0.80
00:38:57   train e7 [ 750/2204] loss 0.1767 iou 0.6470 p=0.84
00:39:40   train e7 [ 800/2204] loss 0.1086 iou 0.8146 p=0.59
00:40:22   train e7 [ 850/2204] loss 0.1847 iou 0.6497 p=0.42
00:41:05   train e7 [ 900/2204] loss 0.1156 iou 0.6723 p=0.71
00:41:47   train e7 [ 950/2204] loss 0.1782 iou 0.6604 p=0.39
00:42:30   train e7 [1000/2204] loss 0.1487 iou 0.7060 p=0.52
00:43:13   train e7 [1050/2204] loss 0.2900 iou 0.3841 p=0.63
00:43:56   train e7 [1100/2204] loss 0.2355 iou 0.6464 p=0.89
00:44:38   train e7 [1150/2204] loss 0.1979 iou 0.5964 p=0.36
00:45:21   train e7 [1200/2204] loss 0.2168 iou 0.6233 p=0.85
00:46:03   train e7 [1250/2204] loss 0.1756 iou 0.7062 p=0.64
00:46:46   train e7 [1300/2204] loss 0.2410 iou 0.5611 p=0.76
00:47:29   train e7 [1350/2204] loss 0.2395 iou 0.5654 p=0.36
00:48:12   train e7 [1400/2204] loss 0.1180 iou 0.7594 p=0.86
00:48:55   train e7 [1450/2204] loss 0.1049 iou 0.7714 p=0.48
00:49:38   train e7 [1500/2204] loss 0.1307 iou 0.7493 p=0.62
00:50:21   train e7 [1550/2204] loss 0.2918 iou 0.6345 p=0.77
00:51:04   train e7 [1600/2204] loss 0.2969 iou 0.4802 p=0.77
00:51:47   train e7 [1650/2204] loss 0.0626 iou 0.9296 p=0.68
00:52:30   train e7 [1700/2204] loss 0.2741 iou 0.5464 p=0.75
00:53:13   train e7 [1750/2204] loss 0.1750 iou 0.6319 p=0.83
00:53:56   train e7 [1800/2204] loss 0.1631 iou 0.7253 p=0.78
00:54:39   train e7 [1850/2204] loss 0.1073 iou 0.7674 p=0.65
00:55:22   train e7 [1900/2204] loss 0.0879 iou 0.8526 p=0.51
00:56:05   train e7 [1950/2204] loss 0.2305 iou 0.6722 p=0.39
00:56:48   train e7 [2000/2204] loss 0.1404 iou 0.8550 p=0.74
00:57:31   train e7 [2050/2204] loss 0.1590 iou 0.7130 p=0.44
00:58:14   train e7 [2100/2204] loss 0.2004 iou 0.7002 p=0.85
00:58:56   train e7 [2150/2204] loss 0.3073 iou 0.5396 p=0.77
00:59:39   train e7 [2200/2204] loss 0.0549 iou 0.8962 p=0.59
00:59:41 train e7  loss 0.1715 iou_fused 0.7016  1891s  zero-grad frames 9
00:59:43   val   e7 [   0/223] loss 0.3324 iou 0.4816 p=0.57
01:00:21   val   e7 [  50/223] loss 0.3511 iou 0.5979 p=0.61
01:01:00   val   e7 [ 100/223] loss 0.3955 iou 0.5467 p=0.88
01:01:39   val   e7 [ 150/223] loss 0.0363 iou 0.9407 p=0.79
01:02:18   val   e7 [ 200/223] loss 0.3335 iou 0.4871 p=0.77
01:02:35   val e7  loss 0.2773 iou_fused 0.6214 (best-of-3 0.6912)  boxed 0.99  by_t [0.57, 0.624, 0.63, 0.636, 0.648, 0.643, 0.621, 0.599]  by_kind {'cond': 0.57, 'prompted': 0.627, 'dropout': 0.714}
01:02:37   train e8 [   0/2204] loss 0.1637 iou 0.7702 p=0.30
01:03:20   train e8 [  50/2204] loss 0.2499 iou 0.5325 p=0.31
01:04:03   train e8 [ 100/2204] loss 0.1363 iou 0.7206 p=0.50
01:04:46   train e8 [ 150/2204] loss 0.1046 iou 0.7298 p=0.82
01:05:29   train e8 [ 200/2204] loss 0.1663 iou 0.7246 p=0.54
01:06:11   train e8 [ 250/2204] loss 0.0972 iou 0.7714 p=0.54
01:06:54   train e8 [ 300/2204] loss 0.2213 iou 0.5731 p=0.31
01:07:37   train e8 [ 350/2204] loss 0.2055 iou 0.6222 p=0.61
01:08:20   train e8 [ 400/2204] loss 0.1709 iou 0.6176 p=0.66
01:09:03   train e8 [ 450/2204] loss 0.2017 iou 0.6678 p=0.34
01:09:46   train e8 [ 500/2204] loss 0.2337 iou 0.5373 p=0.58
01:10:29   train e8 [ 550/2204] loss 0.2549 iou 0.5956 p=0.70
01:11:12   train e8 [ 600/2204] loss 0.2627 iou 0.5637 p=0.63
01:11:55   train e8 [ 650/2204] loss 0.2063 iou 0.6222 p=0.36
01:12:37   train e8 [ 700/2204] loss 0.1470 iou 0.7124 p=0.79
01:13:20   train e8 [ 750/2204] loss 0.2138 iou 0.7283 p=0.78
01:14:03   train e8 [ 800/2204] loss 0.1787 iou 0.6045 p=0.88
01:14:46   train e8 [ 850/2204] loss 0.2300 iou 0.5706 p=0.66
01:15:29   train e8 [ 900/2204] loss 0.0898 iou 0.8296 p=0.56
01:16:12   train e8 [ 950/2204] loss 0.1494 iou 0.7577 p=0.85
01:16:55   train e8 [1000/2204] loss 0.3179 iou 0.5063 p=0.65
01:17:38   train e8 [1050/2204] loss 0.0505 iou 0.9289 p=0.40
01:18:21   train e8 [1100/2204] loss 0.2436 iou 0.6232 p=0.32
01:19:03   train e8 [1150/2204] loss 0.1923 iou 0.5908 p=0.83
01:19:47   train e8 [1200/2204] loss 0.2562 iou 0.5088 p=0.50
01:20:30   train e8 [1250/2204] loss 0.1004 iou 0.7649 p=0.59
01:21:13   train e8 [1300/2204] loss 0.3191 iou 0.4902 p=0.44
01:21:56   train e8 [1350/2204] loss 0.1459 iou 0.7744 p=0.62
01:22:39   train e8 [1400/2204] loss 0.1699 iou 0.6745 p=0.60
01:23:22   train e8 [1450/2204] loss 0.2809 iou 0.5423 p=0.35
01:24:06   train e8 [1500/2204] loss 0.0697 iou 0.8497 p=0.37
01:24:49   train e8 [1550/2204] loss 0.3309 iou 0.4540 p=0.51
01:25:32   train e8 [1600/2204] loss 0.1776 iou 0.6664 p=0.50
01:26:16   train e8 [1650/2204] loss 0.1094 iou 0.8133 p=0.73
01:26:59   train e8 [1700/2204] loss 0.1750 iou 0.6589 p=0.60
01:27:42   train e8 [1750/2204] loss 0.1330 iou 0.7644 p=0.88
01:28:25   train e8 [1800/2204] loss 0.1764 iou 0.6657 p=0.88
01:29:08   train e8 [1850/2204] loss 0.2397 iou 0.6509 p=0.38
01:29:51   train e8 [1900/2204] loss 0.1456 iou 0.7023 p=0.61
01:30:34   train e8 [1950/2204] loss 0.1547 iou 0.8092 p=0.71
01:31:17   train e8 [2000/2204] loss 0.1519 iou 0.7044 p=0.69
01:32:00   train e8 [2050/2204] loss 0.1535 iou 0.7064 p=0.81
01:32:43   train e8 [2100/2204] loss 0.1945 iou 0.7522 p=0.60
01:33:26   train e8 [2150/2204] loss 0.1248 iou 0.7312 p=0.56
01:34:09   train e8 [2200/2204] loss 0.1319 iou 0.7743 p=0.70
01:34:12 train e8  loss 0.1671 iou_fused 0.7058  1896s  zero-grad frames 18
01:34:14   val   e8 [   0/223] loss 0.3397 iou 0.4750 p=0.43
01:34:53   val   e8 [  50/223] loss 0.3524 iou 0.5959 p=0.87
01:35:31   val   e8 [ 100/223] loss 0.3713 iou 0.5683 p=0.40
01:36:10   val   e8 [ 150/223] loss 0.0361 iou 0.9406 p=0.47
01:36:49   val   e8 [ 200/223] loss 0.3397 iou 0.4836 p=0.70
01:37:06   val e8  loss 0.2829 iou_fused 0.6165 (best-of-3 0.6878)  boxed 0.99  by_t [0.57, 0.621, 0.626, 0.631, 0.641, 0.636, 0.615, 0.593]  by_kind {'cond': 0.57, 'prompted': 0.622, 'dropout': 0.678}
01:37:07 done. best iou_fused 0.6390 at epoch 4
