train.sh: stdout is /proc/2629432/fd/pipe:[6927407], which does not end in .log —
          falling back to a generated run name, so ckpts/<run>/run.log
          will not point at it. Redirect to logs/<something>.log.
================================================================================
run_name   20260925_224922Z_control
tag        control
gpu        6
config     configs/train_video.yaml
overrides  <none>
ckpt_dir   ckpts/20260925_224922Z_control
log        logs/20260925_224922Z_control.log
git        f065ce2
finalize   yes
started    2026-09-25T22:49:22Z
host       lambda-server-1
================================================================================
15:49:23 run 20260925_224922Z_control  tag=control  git=f065ce2
15:49:23 config configs/train_video.yaml -> /home/rileydaggs/projects/video-ft/ckpts/20260925_224922Z_control/config_resolved.yaml
15:49:23 splits: train 157 incidents / 104 cameras, val 13, test 28
15:49:24 config_all --check: clean (11 divergences still true)
15:49:24 building clips ...
15:49:24   324195_ec-208-4_711017_711100                  poly=   0 capped=  0 boxed=  0 masklets= 0 stride= 0 clips=  0  no polygons
15:49:24 train: 2204 clips over 156 incidents | val: 223 clips
15:49:24 clip signature 06400a83716793ff
15:49:25 run directory complete: /home/rileydaggs/projects/video-ft/ckpts/20260925_224922Z_control
15:49:25   clip_manifest.jsonl
15:49:25   config_resolved.yaml
15:49:25   prompt_schedule.jsonl
15:49:25   provenance.json
15:49:25   repro.sh
15:49:25   run.log
15:49:25   splits_resolved.yaml
15:49:25   train.log
15:49:25 building tracker ...
/home/rileydaggs/projects/video-ft/sam3/sam3/model_builder.py:8: UserWarning: pkg_resources is deprecated as an API. See https://setuptools.pypa.io/en/latest/pkg_resources.html. The pkg_resources package is slated for removal as early as 2025-11-30. Refrain from using this package or pin to Setuptools<81.
  import pkg_resources
/home/rileydaggs/projects/video-ft/.venv/lib/python3.12/site-packages/timm/models/layers/__init__.py:49: FutureWarning: Importing from timm.models.layers is deprecated, please import via timm.layers
  warnings.warn(f"Importing from {__name__} is deprecated, please import via timm.layers", FutureWarning)
15:49:43 base weights: 1068 tensors from sam3.pt (295 unexpected)
15:49:44 init_from best.pt  {'run_name': 'all_train_20260921_204343Z_L4E-2', 'epoch': 12}
15:49:44 tracker prepared: num_maskmem=7 max_cond=2 keep_first=True dropout=0.00 (16 modules, 8 attn) grad_ckpt=False
15:49:45   trainable mask_downsample.    2 tensors    0.0000M
15:49:45   trainable maskmem_backbone.   40 tensors    1.3846M
15:49:45   trainable obj_ptr_proj.    6 tensors    0.1974M
15:49:45   trainable obj_ptr_tpos_proj.    2 tensors    0.0164M
15:49:45   trainable tokens          5 tensors    0.0013M
15:49:45   trainable transformer.  106 tensors    5.9223M
15:49:45   trainable TOTAL         161 tensors    7.5220M
15:49:45 excluded from the optimizer (no reachable gradient): mask_downsample.weight, mask_downsample.bias
15:49:45 optimizer: memory=159t@1.00e-04
15:49:45 epoch 0: zero-shot val pass
15:49:47   memory bank composition (batch 0):
15:49:47       t   cond  prompted |    n_cond  n_recent |  attended
15:49:47       0   True      True |         1         0 |         1
15:49:47       1  False     False |         1         1 |         2
15:49:47       2  False      True |         1         2 |         2
15:49:47       3  False     False |         1         3 |         3
15:49:47       4  False     False |         1         4 |         4
15:49:47       5  False     False |         1         5 |         5
15:49:47       6  False     False |         1         6 |         6
15:49:47       7  False     False |         1         6 |         7
15:49:47   val   e0 [   0/223] loss 0.2110 iou 0.5996 p=0.90
15:50:21   val   e0 [  50/223] loss 0.4177 iou 0.5969 p=0.90
15:50:57   val   e0 [ 100/223] loss 0.3297 iou 0.5757 p=0.90
15:51:33   val   e0 [ 150/223] loss 0.0388 iou 0.9473 p=0.90
15:52:08   val   e0 [ 200/223] loss 0.3457 iou 0.5549 p=0.90
15:52:24   val e0  loss 0.2945 iou_fused 0.6467 (best-of-3 0.7179)  boxed 0.59  by_t [0.692, 0.643, 0.643, 0.637, 0.645, 0.646, 0.644, 0.623]  by_kind {'cond': 0.692, 'prompted': 0.583, 'dropout': 0.711}
15:52:26   memory bank composition (batch 0):
15:52:26       t   cond  prompted |    n_cond  n_recent |  attended
15:52:26       0   True      True |         1         0 |         1
15:52:26       1  False      True |         1         1 |         2
15:52:26       2  False      True |         1         2 |         3
15:52:26       3  False     False |         1         3 |         4
15:52:26       4  False     False |         1         4 |         5
15:52:26       5  False     False |         1         5 |         6
15:52:26       6  False     False |         1         6 |         7
/home/rileydaggs/projects/video-ft/smokeftv/engine.py:233: UserWarning: Converting a tensor with requires_grad=True to a scalar may lead to unexpected behavior.
Consider using tensor.detach() first. (Triggered internally at /pytorch/torch/csrc/autograd/generated/python_variable_methods.cpp:836.)
  float(loss), sum(stats["iou_by_t"]) / len(stats["iou_by_t"]), p)
15:52:26   train e1 [   0/2204] loss 0.3108 iou 0.6973 p=0.47
15:53:08   train e1 [  50/2204] loss 0.3229 iou 0.7102 p=0.57
15:53:51   train e1 [ 100/2204] loss 0.2551 iou 0.5361 p=0.30
15:54:33   train e1 [ 150/2204] loss 0.2566 iou 0.5407 p=0.70
15:55:15   train e1 [ 200/2204] loss 0.0927 iou 0.8439 p=0.31
15:55:58   train e1 [ 250/2204] loss 0.4041 iou 0.5247 p=0.89
15:56:40   train e1 [ 300/2204] loss 0.3090 iou 0.4961 p=0.88
15:57:23   train e1 [ 350/2204] loss 0.2932 iou 0.5990 p=0.79
15:58:05   train e1 [ 400/2204] loss 0.5886 iou 0.1941 p=0.69
15:58:49   train e1 [ 450/2204] loss 0.5122 iou 0.6099 p=0.83
15:59:35   train e1 [ 500/2204] loss 0.2480 iou 0.4844 p=0.37
16:00:19   train e1 [ 550/2204] loss 0.3488 iou 0.5376 p=0.53
16:01:05   train e1 [ 600/2204] loss 0.2959 iou 0.6254 p=0.67
16:01:50   train e1 [ 650/2204] loss 0.0967 iou 0.8582 p=0.56
16:02:34   train e1 [ 700/2204] loss 0.3183 iou 0.5267 p=0.82
16:03:17   train e1 [ 750/2204] loss 0.2501 iou 0.6357 p=0.77
16:04:00   train e1 [ 800/2204] loss 0.4482 iou 0.4540 p=0.51
16:04:43   train e1 [ 850/2204] loss 0.5576 iou 0.4445 p=0.55
16:05:25   train e1 [ 900/2204] loss 0.6417 iou 0.2089 p=0.57
16:06:08   train e1 [ 950/2204] loss 0.4298 iou 0.5479 p=0.38
16:06:50   train e1 [1000/2204] loss 0.1198 iou 0.7150 p=0.83
16:07:33   train e1 [1050/2204] loss 0.2259 iou 0.6437 p=0.51
16:08:16   train e1 [1100/2204] loss 0.5112 iou 0.4049 p=0.50
16:08:59   train e1 [1150/2204] loss 0.4657 iou 0.3952 p=0.50
16:09:42   train e1 [1200/2204] loss 0.4730 iou 0.3241 p=0.57
16:10:25   train e1 [1250/2204] loss 0.4550 iou 0.3942 p=0.56
16:11:07   train e1 [1300/2204] loss 0.3749 iou 0.4391 p=0.86
16:11:50   train e1 [1350/2204] loss 0.4238 iou 0.4013 p=0.36
16:12:34   train e1 [1400/2204] loss 0.1670 iou 0.7329 p=0.72
16:13:16   train e1 [1450/2204] loss 0.3485 iou 0.7050 p=0.88
16:13:59   train e1 [1500/2204] loss 0.0892 iou 0.8664 p=0.71
16:14:43   train e1 [1550/2204] loss 0.0911 iou 0.8526 p=0.73
16:15:25   train e1 [1600/2204] loss 0.3792 iou 0.4838 p=0.84
16:16:08   train e1 [1650/2204] loss 0.0857 iou 0.8556 p=0.63
16:16:51   train e1 [1700/2204] loss 0.3873 iou 0.5359 p=0.69
16:17:34   train e1 [1750/2204] loss 0.0914 iou 0.8259 p=0.80
16:18:17   train e1 [1800/2204] loss 0.1865 iou 0.7707 p=0.86
16:19:00   train e1 [1850/2204] loss 0.2118 iou 0.6574 p=0.72
16:19:43   train e1 [1900/2204] loss 0.1766 iou 0.6559 p=0.30
16:20:26   train e1 [1950/2204] loss 0.1900 iou 0.7544 p=0.41
16:21:08   train e1 [2000/2204] loss 0.0903 iou 0.8438 p=0.72
16:21:51   train e1 [2050/2204] loss 0.3458 iou 0.4375 p=0.78
16:22:33   train e1 [2100/2204] loss 0.4742 iou 0.3974 p=0.49
16:23:15   train e1 [2150/2204] loss 0.2603 iou 0.7024 p=0.84
16:23:58   train e1 [2200/2204] loss 0.2242 iou 0.6137 p=0.42
16:24:00 train e1  loss 0.2956 iou_fused 0.5961  1896s  zero-grad frames 18
16:24:02   val   e1 [   0/223] loss 0.1932 iou 0.6417 p=0.66
16:24:39   val   e1 [  50/223] loss 0.2917 iou 0.6121 p=0.46
16:25:15   val   e1 [ 100/223] loss 0.2888 iou 0.5214 p=0.39
16:25:51   val   e1 [ 150/223] loss 0.0457 iou 0.9474 p=0.41
16:26:27   val   e1 [ 200/223] loss 0.3124 iou 0.5896 p=0.51
16:26:43   val e1  loss 0.2413 iou_fused 0.6564 (best-of-3 0.7438)  boxed 0.58  by_t [0.688, 0.668, 0.665, 0.662, 0.658, 0.652, 0.635, 0.623]  by_kind {'cond': 0.688, 'prompted': 0.615, 'dropout': 0.717}
16:26:44   new best iou_fused 0.6564 -> best.pt
16:26:46   train e2 [   0/2204] loss 0.3520 iou 0.3876 p=0.32
16:27:29   train e2 [  50/2204] loss 0.2827 iou 0.5269 p=0.46
16:28:11   train e2 [ 100/2204] loss 0.2182 iou 0.6428 p=0.70
16:28:54   train e2 [ 150/2204] loss 0.2066 iou 0.7381 p=0.68
16:29:37   train e2 [ 200/2204] loss 0.2696 iou 0.5549 p=0.39
16:30:19   train e2 [ 250/2204] loss 0.3075 iou 0.4096 p=0.34
16:31:02   train e2 [ 300/2204] loss 0.1228 iou 0.7805 p=0.71
16:31:45   train e2 [ 350/2204] loss 0.4136 iou 0.4277 p=0.46
16:32:28   train e2 [ 400/2204] loss 0.3217 iou 0.6157 p=0.40
16:33:11   train e2 [ 450/2204] loss 0.1490 iou 0.7828 p=0.83
16:33:54   train e2 [ 500/2204] loss 0.1453 iou 0.8401 p=0.80
16:34:37   train e2 [ 550/2204] loss 0.5109 iou 0.3661 p=0.77
16:35:20   train e2 [ 600/2204] loss 0.1645 iou 0.6414 p=0.83
16:36:27   train e2 [ 650/2204] loss 0.0999 iou 0.8034 p=0.42
16:37:24   train e2 [ 700/2204] loss 0.3940 iou 0.5020 p=0.83
16:38:22   train e2 [ 750/2204] loss 0.1885 iou 0.6468 p=0.39
16:39:13   train e2 [ 800/2204] loss 0.2455 iou 0.5659 p=0.86
16:39:56   train e2 [ 850/2204] loss 0.1148 iou 0.7705 p=0.63
16:40:39   train e2 [ 900/2204] loss 0.1258 iou 0.7660 p=0.53
16:41:23   train e2 [ 950/2204] loss 0.2250 iou 0.6677 p=0.57
16:42:06   train e2 [1000/2204] loss 0.4998 iou 0.3902 p=0.66
16:42:49   train e2 [1050/2204] loss 0.4163 iou 0.4637 p=0.78
16:43:33   train e2 [1100/2204] loss 0.7119 iou 0.2803 p=0.83
16:44:16   train e2 [1150/2204] loss 0.3913 iou 0.4998 p=0.46
16:44:59   train e2 [1200/2204] loss 0.2888 iou 0.5704 p=0.67
16:45:43   train e2 [1250/2204] loss 0.1634 iou 0.7298 p=0.85
16:46:26   train e2 [1300/2204] loss 0.2649 iou 0.5793 p=0.45
16:47:09   train e2 [1350/2204] loss 0.2176 iou 0.6849 p=0.31
16:47:52   train e2 [1400/2204] loss 0.2760 iou 0.5695 p=0.41
16:48:35   train e2 [1450/2204] loss 0.2245 iou 0.5796 p=0.34
16:49:19   train e2 [1500/2204] loss 0.2486 iou 0.5999 p=0.45
16:50:01   train e2 [1550/2204] loss 0.2003 iou 0.6572 p=0.34
16:50:44   train e2 [1600/2204] loss 0.2871 iou 0.6336 p=0.55
16:51:27   train e2 [1650/2204] loss 0.2307 iou 0.6944 p=0.66
16:52:10   train e2 [1700/2204] loss 0.2854 iou 0.5754 p=0.39
16:52:53   train e2 [1750/2204] loss 0.1232 iou 0.7691 p=0.86
16:53:36   train e2 [1800/2204] loss 0.1875 iou 0.7459 p=0.37
16:54:19   train e2 [1850/2204] loss 0.1773 iou 0.7440 p=0.52
16:55:02   train e2 [1900/2204] loss 0.2098 iou 0.6052 p=0.78
16:55:45   train e2 [1950/2204] loss 0.3756 iou 0.4495 p=0.63
16:56:29   train e2 [2000/2204] loss 0.1427 iou 0.8402 p=0.67
16:57:12   train e2 [2050/2204] loss 0.1970 iou 0.5945 p=0.57
16:57:56   train e2 [2100/2204] loss 0.2943 iou 0.6106 p=0.56
16:58:39   train e2 [2150/2204] loss 0.1678 iou 0.7058 p=0.74
16:59:22   train e2 [2200/2204] loss 0.0717 iou 0.8283 p=0.76
16:59:25 train e2  loss 0.2481 iou_fused 0.6376  1961s  zero-grad frames 19
16:59:26   val   e2 [   0/223] loss 0.1878 iou 0.6348 p=0.83
17:00:04   val   e2 [  50/223] loss 0.2905 iou 0.6150 p=0.87
17:00:39   val   e2 [ 100/223] loss 0.2652 iou 0.6769 p=0.59
17:01:16   val   e2 [ 150/223] loss 0.0389 iou 0.9490 p=0.35
17:01:51   val   e2 [ 200/223] loss 0.2914 iou 0.6485 p=0.37
17:02:07   val e2  loss 0.2295 iou_fused 0.6830 (best-of-3 0.7521)  boxed 0.50  by_t [0.685, 0.686, 0.684, 0.686, 0.692, 0.696, 0.679, 0.657]  by_kind {'cond': 0.685, 'prompted': 0.665, 'dropout': 0.708}
17:02:08   new best iou_fused 0.6830 -> best.pt
17:02:10   train e3 [   0/2204] loss 0.1671 iou 0.7370 p=0.86
17:02:54   train e3 [  50/2204] loss 0.0987 iou 0.8465 p=0.62
17:03:38   train e3 [ 100/2204] loss 0.2649 iou 0.5662 p=0.88
17:04:21   train e3 [ 150/2204] loss 0.1267 iou 0.8690 p=0.31
17:05:04   train e3 [ 200/2204] loss 0.1842 iou 0.6229 p=0.50
17:05:47   train e3 [ 250/2204] loss 0.1876 iou 0.6973 p=0.80
17:06:30   train e3 [ 300/2204] loss 0.3767 iou 0.6999 p=0.58
17:07:13   train e3 [ 350/2204] loss 0.2514 iou 0.6721 p=0.71
17:07:56   train e3 [ 400/2204] loss 0.2223 iou 0.6911 p=0.50
17:08:38   train e3 [ 450/2204] loss 0.2517 iou 0.6614 p=0.78
17:09:21   train e3 [ 500/2204] loss 0.1908 iou 0.6628 p=0.70
17:10:04   train e3 [ 550/2204] loss 0.3372 iou 0.4534 p=0.83
17:10:46   train e3 [ 600/2204] loss 0.2396 iou 0.7470 p=0.49
17:11:29   train e3 [ 650/2204] loss 0.1748 iou 0.7173 p=0.87
17:12:11   train e3 [ 700/2204] loss 0.1835 iou 0.5832 p=0.41
17:12:54   train e3 [ 750/2204] loss 0.2777 iou 0.5830 p=0.87
17:13:37   train e3 [ 800/2204] loss 0.2286 iou 0.6169 p=0.69
17:14:20   train e3 [ 850/2204] loss 0.3413 iou 0.5266 p=0.56
17:15:02   train e3 [ 900/2204] loss 0.1008 iou 0.8477 p=0.78
17:15:45   train e3 [ 950/2204] loss 0.1908 iou 0.6391 p=0.43
17:16:27   train e3 [1000/2204] loss 0.1787 iou 0.6809 p=0.64
17:17:10   train e3 [1050/2204] loss 0.2024 iou 0.6559 p=0.40
17:17:53   train e3 [1100/2204] loss 0.2100 iou 0.6628 p=0.83
17:18:36   train e3 [1150/2204] loss 0.2622 iou 0.6504 p=0.60
17:19:18   train e3 [1200/2204] loss 0.0916 iou 0.8571 p=0.35
17:20:20   train e3 [1250/2204] loss 0.1705 iou 0.6484 p=0.68
17:21:14   train e3 [1300/2204] loss 0.2120 iou 0.6583 p=0.40
17:22:07   train e3 [1350/2204] loss 0.3866 iou 0.4050 p=0.56
17:22:56   train e3 [1400/2204] loss 0.2011 iou 0.8168 p=0.83
17:23:40   train e3 [1450/2204] loss 0.4405 iou 0.5128 p=0.54
17:24:23   train e3 [1500/2204] loss 0.2170 iou 0.6391 p=0.70
17:25:07   train e3 [1550/2204] loss 0.2856 iou 0.6245 p=0.41
17:25:50   train e3 [1600/2204] loss 0.2694 iou 0.6016 p=0.38
17:26:33   train e3 [1650/2204] loss 0.2142 iou 0.7271 p=0.37
17:27:16   train e3 [1700/2204] loss 0.2044 iou 0.6109 p=0.87
17:28:00   train e3 [1750/2204] loss 0.1054 iou 0.8150 p=0.74
17:28:43   train e3 [1800/2204] loss 0.2033 iou 0.6107 p=0.30
17:29:27   train e3 [1850/2204] loss 0.2250 iou 0.6328 p=0.67
17:30:10   train e3 [1900/2204] loss 0.2819 iou 0.7312 p=0.80
17:30:53   train e3 [1950/2204] loss 0.1916 iou 0.6472 p=0.47
17:31:36   train e3 [2000/2204] loss 0.4926 iou 0.2951 p=0.31
17:32:20   train e3 [2050/2204] loss 0.2889 iou 0.5664 p=0.49
17:33:03   train e3 [2100/2204] loss 0.2868 iou 0.5683 p=0.90
17:33:46   train e3 [2150/2204] loss 0.2316 iou 0.6652 p=0.51
17:34:30   train e3 [2200/2204] loss 0.0849 iou 0.8491 p=0.55
17:34:32 train e3  loss 0.2254 iou_fused 0.6593  1944s  zero-grad frames 12
17:34:34   val   e3 [   0/223] loss 0.1521 iou 0.6896 p=0.80
17:35:11   val   e3 [  50/223] loss 0.3032 iou 0.6060 p=0.88
17:35:47   val   e3 [ 100/223] loss 0.2886 iou 0.6360 p=0.71
17:36:23   val   e3 [ 150/223] loss 0.0375 iou 0.9503 p=0.51
17:36:58   val   e3 [ 200/223] loss 0.2894 iou 0.6555 p=0.59
17:37:15   val e3  loss 0.2287 iou_fused 0.6860 (best-of-3 0.7554)  boxed 0.53  by_t [0.683, 0.685, 0.685, 0.686, 0.696, 0.701, 0.691, 0.661]  by_kind {'cond': 0.683, 'prompted': 0.649, 'dropout': 0.728}
17:37:15   new best iou_fused 0.6860 -> best.pt
17:37:18   train e4 [   0/2204] loss 0.1331 iou 0.7343 p=0.71
17:38:01   train e4 [  50/2204] loss 0.1479 iou 0.7511 p=0.34
17:38:44   train e4 [ 100/2204] loss 0.2835 iou 0.5350 p=0.59
17:39:27   train e4 [ 150/2204] loss 0.2416 iou 0.6572 p=0.48
17:40:11   train e4 [ 200/2204] loss 0.3032 iou 0.6283 p=0.78
17:40:54   train e4 [ 250/2204] loss 0.1436 iou 0.7355 p=0.45
17:41:38   train e4 [ 300/2204] loss 0.1541 iou 0.7405 p=0.88
17:42:22   train e4 [ 350/2204] loss 0.2702 iou 0.5214 p=0.40
17:43:05   train e4 [ 400/2204] loss 0.0686 iou 0.9041 p=0.79
17:43:49   train e4 [ 450/2204] loss 0.1301 iou 0.8250 p=0.84
17:44:31   train e4 [ 500/2204] loss 0.2608 iou 0.5887 p=0.34
17:45:14   train e4 [ 550/2204] loss 0.2374 iou 0.6422 p=0.61
17:45:57   train e4 [ 600/2204] loss 0.1790 iou 0.7399 p=0.61
17:46:39   train e4 [ 650/2204] loss 0.1764 iou 0.7582 p=0.66
17:47:22   train e4 [ 700/2204] loss 0.2633 iou 0.5022 p=0.48
17:48:05   train e4 [ 750/2204] loss 0.1470 iou 0.8221 p=0.58
17:48:48   train e4 [ 800/2204] loss 0.1485 iou 0.7965 p=0.82
17:49:31   train e4 [ 850/2204] loss 0.1785 iou 0.6797 p=0.71
17:50:14   train e4 [ 900/2204] loss 0.1871 iou 0.6918 p=0.37
17:50:57   train e4 [ 950/2204] loss 0.0600 iou 0.8917 p=0.59
17:51:40   train e4 [1000/2204] loss 0.2722 iou 0.5793 p=0.66
17:52:24   train e4 [1050/2204] loss 0.0645 iou 0.9333 p=0.31
17:53:07   train e4 [1100/2204] loss 0.1455 iou 0.7725 p=0.81
17:53:51   train e4 [1150/2204] loss 0.2473 iou 0.5781 p=0.66
17:54:34   train e4 [1200/2204] loss 0.0712 iou 0.8982 p=0.74
17:55:16   train e4 [1250/2204] loss 0.2521 iou 0.5573 p=0.87
17:55:59   train e4 [1300/2204] loss 0.3876 iou 0.4911 p=0.53
17:56:42   train e4 [1350/2204] loss 0.2989 iou 0.4942 p=0.55
17:57:25   train e4 [1400/2204] loss 0.1024 iou 0.9050 p=0.81
17:58:08   train e4 [1450/2204] loss 0.2185 iou 0.7022 p=0.31
17:58:51   train e4 [1500/2204] loss 0.1066 iou 0.8001 p=0.33
17:59:33   train e4 [1550/2204] loss 0.1813 iou 0.6969 p=0.44
18:00:16   train e4 [1600/2204] loss 0.1536 iou 0.7002 p=0.77
18:00:59   train e4 [1650/2204] loss 0.2491 iou 0.5932 p=0.59
18:01:42   train e4 [1700/2204] loss 0.1372 iou 0.8650 p=0.50
18:02:25   train e4 [1750/2204] loss 0.1732 iou 0.7014 p=0.57
18:03:08   train e4 [1800/2204] loss 0.0876 iou 0.8159 p=0.58
18:03:51   train e4 [1850/2204] loss 0.1218 iou 0.8133 p=0.86
18:04:34   train e4 [1900/2204] loss 0.2526 iou 0.6157 p=0.47
18:05:18   train e4 [1950/2204] loss 0.2661 iou 0.5554 p=0.52
18:06:01   train e4 [2000/2204] loss 0.1512 iou 0.7236 p=0.67
18:06:44   train e4 [2050/2204] loss 0.2463 iou 0.6163 p=0.53
18:07:28   train e4 [2100/2204] loss 0.1399 iou 0.7285 p=0.41
18:08:11   train e4 [2150/2204] loss 0.2274 iou 0.6271 p=0.88
18:08:54   train e4 [2200/2204] loss 0.1071 iou 0.8246 p=0.41
18:08:56 train e4  loss 0.2037 iou_fused 0.6797  1900s  zero-grad frames 6
18:08:58   val   e4 [   0/223] loss 0.1483 iou 0.7030 p=0.77
18:09:35   val   e4 [  50/223] loss 0.3284 iou 0.6274 p=0.78
18:10:11   val   e4 [ 100/223] loss 0.2635 iou 0.6363 p=0.58
18:10:47   val   e4 [ 150/223] loss 0.0373 iou 0.9508 p=0.48
18:11:23   val   e4 [ 200/223] loss 0.2906 iou 0.6469 p=0.39
18:11:39   val e4  loss 0.2544 iou_fused 0.6665 (best-of-3 0.7420)  boxed 0.53  by_t [0.682, 0.669, 0.673, 0.67, 0.674, 0.672, 0.656, 0.635]  by_kind {'cond': 0.682, 'prompted': 0.629, 'dropout': 0.728}
18:11:41   train e5 [   0/2204] loss 0.2152 iou 0.6796 p=0.42
18:12:24   train e5 [  50/2204] loss 0.1660 iou 0.7605 p=0.89
18:13:08   train e5 [ 100/2204] loss 0.3073 iou 0.5524 p=0.74
18:13:51   train e5 [ 150/2204] loss 0.2813 iou 0.6383 p=0.36
18:14:34   train e5 [ 200/2204] loss 0.3109 iou 0.5135 p=0.70
18:15:17   train e5 [ 250/2204] loss 0.1216 iou 0.7505 p=0.74
18:16:01   train e5 [ 300/2204] loss 0.3425 iou 0.7117 p=0.43
18:16:44   train e5 [ 350/2204] loss 0.1599 iou 0.7057 p=0.50
18:17:27   train e5 [ 400/2204] loss 0.0980 iou 0.7483 p=0.64
18:18:11   train e5 [ 450/2204] loss 0.2725 iou 0.6489 p=0.39
18:18:54   train e5 [ 500/2204] loss 0.1649 iou 0.7209 p=0.86
18:19:37   train e5 [ 550/2204] loss 0.2745 iou 0.6090 p=0.34
18:20:20   train e5 [ 600/2204] loss 0.0952 iou 0.8198 p=0.65
18:21:03   train e5 [ 650/2204] loss 0.2590 iou 0.6249 p=0.69
18:21:47   train e5 [ 700/2204] loss 0.4356 iou 0.5265 p=0.54
18:22:30   train e5 [ 750/2204] loss 0.1425 iou 0.7536 p=0.68
18:23:13   train e5 [ 800/2204] loss 0.0563 iou 0.9261 p=0.86
18:23:56   train e5 [ 850/2204] loss 0.3959 iou 0.5242 p=0.75
18:24:39   train e5 [ 900/2204] loss 0.2786 iou 0.5155 p=0.31
18:25:23   train e5 [ 950/2204] loss 0.1979 iou 0.6776 p=0.42
18:26:07   train e5 [1000/2204] loss 0.1041 iou 0.7387 p=0.90
18:26:50   train e5 [1050/2204] loss 0.1084 iou 0.8397 p=0.30
18:27:33   train e5 [1100/2204] loss 0.1647 iou 0.7396 p=0.70
18:28:17   train e5 [1150/2204] loss 0.1410 iou 0.7266 p=0.52
18:29:00   train e5 [1200/2204] loss 0.1278 iou 0.7498 p=0.88
18:29:42   train e5 [1250/2204] loss 0.1316 iou 0.8959 p=0.55
18:30:25   train e5 [1300/2204] loss 0.1853 iou 0.6657 p=0.34
18:31:08   train e5 [1350/2204] loss 0.0877 iou 0.8603 p=0.39
18:31:52   train e5 [1400/2204] loss 0.1722 iou 0.6720 p=0.45
18:32:36   train e5 [1450/2204] loss 0.0886 iou 0.8572 p=0.90
18:33:19   train e5 [1500/2204] loss 0.3661 iou 0.5007 p=0.41
18:34:03   train e5 [1550/2204] loss 0.1194 iou 0.8756 p=0.89
18:34:46   train e5 [1600/2204] loss 0.1630 iou 0.7371 p=0.67
18:35:30   train e5 [1650/2204] loss 0.2720 iou 0.5379 p=0.56
18:36:13   train e5 [1700/2204] loss 0.1670 iou 0.7074 p=0.52
18:36:57   train e5 [1750/2204] loss 0.2827 iou 0.5589 p=0.31
18:37:40   train e5 [1800/2204] loss 0.1259 iou 0.7775 p=0.63
18:38:24   train e5 [1850/2204] loss 0.2025 iou 0.6256 p=0.62
18:39:07   train e5 [1900/2204] loss 0.2927 iou 0.4599 p=0.31
18:39:50   train e5 [1950/2204] loss 0.1276 iou 0.7795 p=0.86
18:40:34   train e5 [2000/2204] loss 0.1055 iou 0.7965 p=0.77
18:41:17   train e5 [2050/2204] loss 0.2130 iou 0.6470 p=0.55
18:42:01   train e5 [2100/2204] loss 0.2418 iou 0.6608 p=0.82
18:42:45   train e5 [2150/2204] loss 0.1799 iou 0.7266 p=0.44
18:43:28   train e5 [2200/2204] loss 0.3171 iou 0.5924 p=0.83
18:43:31 train e5  loss 0.1866 iou_fused 0.6972  1911s  zero-grad frames 9
18:43:32   val   e5 [   0/223] loss 0.1602 iou 0.6739 p=0.57
18:44:10   val   e5 [  50/223] loss 0.3203 iou 0.6339 p=0.77
18:44:46   val   e5 [ 100/223] loss 0.2953 iou 0.6105 p=0.56
18:45:23   val   e5 [ 150/223] loss 0.0383 iou 0.9485 p=0.42
18:45:58   val   e5 [ 200/223] loss 0.3094 iou 0.6332 p=0.71
18:46:14   val e5  loss 0.2501 iou_fused 0.6718 (best-of-3 0.7460)  boxed 0.54  by_t [0.682, 0.677, 0.681, 0.679, 0.683, 0.675, 0.661, 0.636]  by_kind {'cond': 0.682, 'prompted': 0.634, 'dropout': 0.72}
18:46:17   train e6 [   0/2204] loss 0.2029 iou 0.6667 p=0.86
18:47:00   train e6 [  50/2204] loss 0.1797 iou 0.6796 p=0.84
18:47:43   train e6 [ 100/2204] loss 0.1207 iou 0.7968 p=0.65
18:48:27   train e6 [ 150/2204] loss 0.1279 iou 0.7852 p=0.65
18:49:10   train e6 [ 200/2204] loss 0.1434 iou 0.7740 p=0.76
18:49:54   train e6 [ 250/2204] loss 0.1079 iou 0.8137 p=0.57
18:50:37   train e6 [ 300/2204] loss 0.2590 iou 0.7496 p=0.87
18:51:21   train e6 [ 350/2204] loss 0.2292 iou 0.6341 p=0.49
18:52:04   train e6 [ 400/2204] loss 0.1589 iou 0.7303 p=0.47
18:52:47   train e6 [ 450/2204] loss 0.1525 iou 0.6955 p=0.66
18:53:31   train e6 [ 500/2204] loss 0.1494 iou 0.7681 p=0.86
18:54:14   train e6 [ 550/2204] loss 0.2277 iou 0.6129 p=0.57
18:54:57   train e6 [ 600/2204] loss 0.1222 iou 0.8814 p=0.75
18:55:40   train e6 [ 650/2204] loss 0.0642 iou 0.8701 p=0.59
18:56:23   train e6 [ 700/2204] loss 0.2094 iou 0.6343 p=0.69
18:57:07   train e6 [ 750/2204] loss 0.1258 iou 0.7900 p=0.37
18:57:50   train e6 [ 800/2204] loss 0.1494 iou 0.7488 p=0.31
18:58:34   train e6 [ 850/2204] loss 0.1789 iou 0.7432 p=0.34
18:59:17   train e6 [ 900/2204] loss 0.0885 iou 0.8236 p=0.31
19:00:00   train e6 [ 950/2204] loss 0.0555 iou 0.9179 p=0.34
19:00:44   train e6 [1000/2204] loss 0.0541 iou 0.9041 p=0.73
19:01:27   train e6 [1050/2204] loss 0.1609 iou 0.7042 p=0.40
19:02:11   train e6 [1100/2204] loss 0.1333 iou 0.8604 p=0.50
19:02:54   train e6 [1150/2204] loss 0.1252 iou 0.7498 p=0.35
19:03:36   train e6 [1200/2204] loss 0.2361 iou 0.6058 p=0.55
19:04:20   train e6 [1250/2204] loss 0.1345 iou 0.7329 p=0.63
19:05:03   train e6 [1300/2204] loss 0.1919 iou 0.6736 p=0.88
19:05:46   train e6 [1350/2204] loss 0.3190 iou 0.5900 p=0.78
19:06:29   train e6 [1400/2204] loss 0.0674 iou 0.8672 p=0.46
19:07:12   train e6 [1450/2204] loss 0.1348 iou 0.7608 p=0.82
19:07:55   train e6 [1500/2204] loss 0.1464 iou 0.7409 p=0.39
19:08:39   train e6 [1550/2204] loss 0.2635 iou 0.5537 p=0.56
19:09:22   train e6 [1600/2204] loss 0.1572 iou 0.6801 p=0.82
19:10:05   train e6 [1650/2204] loss 0.1967 iou 0.6533 p=0.54
19:10:48   train e6 [1700/2204] loss 0.1215 iou 0.7618 p=0.63
19:11:31   train e6 [1750/2204] loss 0.1830 iou 0.8070 p=0.87
19:12:14   train e6 [1800/2204] loss 0.1441 iou 0.7936 p=0.32
19:12:57   train e6 [1850/2204] loss 0.1447 iou 0.7568 p=0.74
19:13:40   train e6 [1900/2204] loss 0.1918 iou 0.6001 p=0.77
19:14:23   train e6 [1950/2204] loss 0.1446 iou 0.7407 p=0.61
19:15:07   train e6 [2000/2204] loss 0.0675 iou 0.8472 p=0.76
19:15:50   train e6 [2050/2204] loss 0.0398 iou 0.9326 p=0.66
19:16:34   train e6 [2100/2204] loss 0.1605 iou 0.7638 p=0.65
19:17:17   train e6 [2150/2204] loss 0.1857 iou 0.7082 p=0.81
19:18:00   train e6 [2200/2204] loss 0.2375 iou 0.5949 p=0.48
19:18:03 train e6  loss 0.1715 iou_fused 0.7141  1908s  zero-grad frames 13
19:18:04   val   e6 [   0/223] loss 0.1554 iou 0.6942 p=0.45
19:18:42   val   e6 [  50/223] loss 0.3261 iou 0.6324 p=0.83
19:19:18   val   e6 [ 100/223] loss 0.2962 iou 0.6247 p=0.48
19:19:54   val   e6 [ 150/223] loss 0.0395 iou 0.9473 p=0.63
19:20:29   val   e6 [ 200/223] loss 0.3120 iou 0.6324 p=0.80
19:20:46   val e6  loss 0.2595 iou_fused 0.6688 (best-of-3 0.7419)  boxed 0.55  by_t [0.682, 0.68, 0.683, 0.677, 0.679, 0.667, 0.652, 0.631]  by_kind {'cond': 0.682, 'prompted': 0.635, 'dropout': 0.718}
19:20:48   train e7 [   0/2204] loss 0.0506 iou 0.9195 p=0.65
19:21:32   train e7 [  50/2204] loss 0.0728 iou 0.8809 p=0.79
19:22:15   train e7 [ 100/2204] loss 0.1563 iou 0.7473 p=0.45
19:22:58   train e7 [ 150/2204] loss 0.3523 iou 0.5201 p=0.65
19:23:42   train e7 [ 200/2204] loss 0.2052 iou 0.5948 p=0.84
19:24:25   train e7 [ 250/2204] loss 0.2437 iou 0.6113 p=0.49
19:25:09   train e7 [ 300/2204] loss 0.1475 iou 0.7631 p=0.67
19:25:52   train e7 [ 350/2204] loss 0.1965 iou 0.7387 p=0.38
19:26:35   train e7 [ 400/2204] loss 0.2646 iou 0.5237 p=0.75
19:27:19   train e7 [ 450/2204] loss 0.1153 iou 0.8084 p=0.39
19:28:03   train e7 [ 500/2204] loss 0.1385 iou 0.7735 p=0.48
19:28:47   train e7 [ 550/2204] loss 0.1468 iou 0.7316 p=0.76
19:29:31   train e7 [ 600/2204] loss 0.1461 iou 0.7163 p=0.54
19:30:14   train e7 [ 650/2204] loss 0.3178 iou 0.5545 p=0.32
19:30:57   train e7 [ 700/2204] loss 0.1685 iou 0.7459 p=0.80
19:31:40   train e7 [ 750/2204] loss 0.1517 iou 0.6854 p=0.84
19:32:24   train e7 [ 800/2204] loss 0.1581 iou 0.8046 p=0.59
19:33:07   train e7 [ 850/2204] loss 0.1526 iou 0.7383 p=0.42
19:33:51   train e7 [ 900/2204] loss 0.1217 iou 0.8131 p=0.71
19:34:34   train e7 [ 950/2204] loss 0.1551 iou 0.6821 p=0.39
19:35:17   train e7 [1000/2204] loss 0.1368 iou 0.7679 p=0.52
19:36:00   train e7 [1050/2204] loss 0.2843 iou 0.4541 p=0.63
19:36:43   train e7 [1100/2204] loss 0.1969 iou 0.6987 p=0.89
19:37:26   train e7 [1150/2204] loss 0.1835 iou 0.6126 p=0.36
19:38:10   train e7 [1200/2204] loss 0.1835 iou 0.5962 p=0.85
19:38:53   train e7 [1250/2204] loss 0.1579 iou 0.7097 p=0.64
19:39:37   train e7 [1300/2204] loss 0.2303 iou 0.6219 p=0.76
19:40:20   train e7 [1350/2204] loss 0.2889 iou 0.5155 p=0.36
19:41:03   train e7 [1400/2204] loss 0.1373 iou 0.7685 p=0.86
19:41:46   train e7 [1450/2204] loss 0.1239 iou 0.7950 p=0.48
19:42:29   train e7 [1500/2204] loss 0.1363 iou 0.7213 p=0.62
19:43:12   train e7 [1550/2204] loss 0.2224 iou 0.6860 p=0.77
19:43:55   train e7 [1600/2204] loss 0.2711 iou 0.5669 p=0.77
19:44:39   train e7 [1650/2204] loss 0.0523 iou 0.9498 p=0.68
19:45:22   train e7 [1700/2204] loss 0.2089 iou 0.5863 p=0.75
19:46:05   train e7 [1750/2204] loss 0.1479 iou 0.7041 p=0.83
19:46:48   train e7 [1800/2204] loss 0.1466 iou 0.7669 p=0.78
19:47:31   train e7 [1850/2204] loss 0.0851 iou 0.8068 p=0.65
19:48:15   train e7 [1900/2204] loss 0.0774 iou 0.8660 p=0.51
19:48:58   train e7 [1950/2204] loss 0.1991 iou 0.6469 p=0.39
19:49:41   train e7 [2000/2204] loss 0.1051 iou 0.8936 p=0.74
19:50:24   train e7 [2050/2204] loss 0.1484 iou 0.7286 p=0.44
19:51:07   train e7 [2100/2204] loss 0.1513 iou 0.7774 p=0.85
19:51:51   train e7 [2150/2204] loss 0.2569 iou 0.5029 p=0.77
19:52:34   train e7 [2200/2204] loss 0.0603 iou 0.9197 p=0.59
19:52:36 train e7  loss 0.1616 iou_fused 0.7252  1910s  zero-grad frames 11
19:52:38   val   e7 [   0/223] loss 0.1535 iou 0.7037 p=0.57
19:53:15   val   e7 [  50/223] loss 0.3244 iou 0.6316 p=0.61
19:53:52   val   e7 [ 100/223] loss 0.3070 iou 0.6062 p=0.88
19:54:28   val   e7 [ 150/223] loss 0.0377 iou 0.9488 p=0.79
19:55:03   val   e7 [ 200/223] loss 0.3141 iou 0.6278 p=0.77
19:55:20   val e7  loss 0.2650 iou_fused 0.6660 (best-of-3 0.7397)  boxed 0.54  by_t [0.682, 0.673, 0.678, 0.675, 0.677, 0.665, 0.65, 0.629]  by_kind {'cond': 0.682, 'prompted': 0.628, 'dropout': 0.716}
19:55:22   train e8 [   0/2204] loss 0.1657 iou 0.7792 p=0.30
19:56:05   train e8 [  50/2204] loss 0.3057 iou 0.5064 p=0.31
19:56:49   train e8 [ 100/2204] loss 0.1309 iou 0.6965 p=0.50
19:57:32   train e8 [ 150/2204] loss 0.1125 iou 0.8407 p=0.82
19:58:15   train e8 [ 200/2204] loss 0.1910 iou 0.7504 p=0.54
19:58:58   train e8 [ 250/2204] loss 0.0922 iou 0.8150 p=0.54
19:59:41   train e8 [ 300/2204] loss 0.1492 iou 0.7122 p=0.31
20:00:24   train e8 [ 350/2204] loss 0.1818 iou 0.6026 p=0.61
20:01:07   train e8 [ 400/2204] loss 0.1807 iou 0.6635 p=0.66
20:01:50   train e8 [ 450/2204] loss 0.1940 iou 0.6541 p=0.34
20:02:33   train e8 [ 500/2204] loss 0.1936 iou 0.6499 p=0.58
20:03:16   train e8 [ 550/2204] loss 0.2510 iou 0.6787 p=0.70
20:03:59   train e8 [ 600/2204] loss 0.2234 iou 0.6545 p=0.63
20:04:42   train e8 [ 650/2204] loss 0.2140 iou 0.5698 p=0.36
20:05:25   train e8 [ 700/2204] loss 0.1134 iou 0.7771 p=0.79
20:06:09   train e8 [ 750/2204] loss 0.2021 iou 0.7262 p=0.78
20:06:52   train e8 [ 800/2204] loss 0.1504 iou 0.5641 p=0.88
20:07:35   train e8 [ 850/2204] loss 0.2269 iou 0.5307 p=0.66
20:08:18   train e8 [ 900/2204] loss 0.0959 iou 0.8368 p=0.56
20:09:01   train e8 [ 950/2204] loss 0.0906 iou 0.8519 p=0.85
20:09:44   train e8 [1000/2204] loss 0.3445 iou 0.5028 p=0.65
20:10:28   train e8 [1050/2204] loss 0.0421 iou 0.9545 p=0.40
20:11:11   train e8 [1100/2204] loss 0.3641 iou 0.5624 p=0.32
20:11:54   train e8 [1150/2204] loss 0.1778 iou 0.6283 p=0.83
20:12:37   train e8 [1200/2204] loss 0.2826 iou 0.5505 p=0.50
20:13:20   train e8 [1250/2204] loss 0.1118 iou 0.8113 p=0.59
20:14:04   train e8 [1300/2204] loss 0.3943 iou 0.4914 p=0.44
20:14:47   train e8 [1350/2204] loss 0.1438 iou 0.8010 p=0.62
20:15:29   train e8 [1400/2204] loss 0.1756 iou 0.6466 p=0.60
20:16:12   train e8 [1450/2204] loss 0.2972 iou 0.5434 p=0.35
20:16:55   train e8 [1500/2204] loss 0.0640 iou 0.8947 p=0.37
20:17:39   train e8 [1550/2204] loss 0.3403 iou 0.4362 p=0.51
20:18:22   train e8 [1600/2204] loss 0.1677 iou 0.6733 p=0.50
20:19:05   train e8 [1650/2204] loss 0.1051 iou 0.8333 p=0.73
20:19:49   train e8 [1700/2204] loss 0.1671 iou 0.6838 p=0.60
20:20:32   train e8 [1750/2204] loss 0.1484 iou 0.7553 p=0.88
20:21:15   train e8 [1800/2204] loss 0.1179 iou 0.8051 p=0.88
20:21:57   train e8 [1850/2204] loss 0.2951 iou 0.7304 p=0.38
20:22:40   train e8 [1900/2204] loss 0.1207 iou 0.7635 p=0.61
20:23:23   train e8 [1950/2204] loss 0.1070 iou 0.8577 p=0.71
20:24:07   train e8 [2000/2204] loss 0.1946 iou 0.7045 p=0.69
20:24:50   train e8 [2050/2204] loss 0.1204 iou 0.7861 p=0.81
20:25:34   train e8 [2100/2204] loss 0.1046 iou 0.8586 p=0.60
20:26:19   train e8 [2150/2204] loss 0.1207 iou 0.7863 p=0.56
20:27:03   train e8 [2200/2204] loss 0.1072 iou 0.8036 p=0.70
20:27:05 train e8  loss 0.1571 iou_fused 0.7295  1905s  zero-grad frames 17
20:27:06   val   e8 [   0/223] loss 0.1563 iou 0.6937 p=0.43
20:27:44   val   e8 [  50/223] loss 0.3294 iou 0.6323 p=0.87
20:28:21   val   e8 [ 100/223] loss 0.3076 iou 0.6092 p=0.40
20:28:57   val   e8 [ 150/223] loss 0.0378 iou 0.9482 p=0.47
20:29:33   val   e8 [ 200/223] loss 0.3149 iou 0.6328 p=0.70
20:29:50   val e8  loss 0.2663 iou_fused 0.6654 (best-of-3 0.7398)  boxed 0.55  by_t [0.681, 0.673, 0.679, 0.675, 0.674, 0.661, 0.65, 0.629]  by_kind {'cond': 0.681, 'prompted': 0.628, 'dropout': 0.716}
20:29:50 done. best iou_fused 0.6860 at epoch 3
train.sh: finalizing 20260925_224922Z_control (GT test set, experiments/20260925_224922Z_control/, commit, push)
finalize: scoring the GT test set: /home/rileydaggs/projects/video-ft/.venv/bin/python /home/rileydaggs/projects/video-ft/scripts/eval_video.py --run /home/rileydaggs/projects/video-ft/ckpts/20260925_224922Z_control
20:29:54 GT test set for 20260925_224922Z_control
20:29:54   /home/rileydaggs/data/segmentation-test-set-new: 27 incidents, 449 clips, modes prompt_every_frame, keyframe, conditional
20:29:54   cache_key 76b304dfd677adb6
20:29:54   init: scoring (not scored yet)
/home/rileydaggs/projects/video-ft/sam3/sam3/model_builder.py:8: UserWarning: pkg_resources is deprecated as an API. See https://setuptools.pypa.io/en/latest/pkg_resources.html. The pkg_resources package is slated for removal as early as 2025-11-30. Refrain from using this package or pin to Setuptools<81.
  import pkg_resources
/home/rileydaggs/projects/video-ft/.venv/lib/python3.12/site-packages/timm/models/layers/__init__.py:49: FutureWarning: Importing from timm.models.layers is deprecated, please import via timm.layers
  warnings.warn(f"Importing from {__name__} is deprecated, please import via timm.layers", FutureWarning)
20:30:14 base weights: 1068 tensors from sam3.pt (295 unexpected)
20:30:14 tracker prepared: num_maskmem=7 max_cond=2 keep_first=True dropout=0.00 (16 modules, 8 attn) grad_ckpt=False
20:30:18   [   0/449] 1022308_ec-100-4_1488412_1489090:m0:f10
20:30:45   [  25/449] 1022308_ec-164-3_1243865_1244543:m0:f40
20:31:10   [  50/449] 1029713_ec-241-0_1053975_1054375:m0:f71
20:31:41   [  75/449] 1056185_ec-449-3_452383_453906:m0:f40
20:32:13   [ 100/449] 1065181_ec-430-1_483996_485055:m0:f43
20:32:47   [ 125/449] 1065181_ec-437-3_476575_477634:m0:f34
20:33:14   [ 150/449] 1083899_ec-223-1_1147452_1147706:m0:f56
20:33:46   [ 175/449] 1090875_ec-349-3_648246_648337:m0:f33
20:34:12   [ 200/449] 1099811_ec-434-2_496807_497486:m0:f49
20:34:37   [ 225/449] 1160106_ec-339-4_723141_723325:m0:f16
20:35:13   [ 250/449] 1160106_ec-353-0_669795_669979:m0:f43
20:35:39   [ 275/449] 1217888_ec-214-4_1190735_1190957:m0:f25
20:36:03   [ 300/449] 1662246_ec-331-6_862450_863051:m0:f8
20:36:30   [ 325/449] 1664523_ec-131-6_1522075_1522607:m0:f45
20:36:47   [ 350/449] 1664523_ec-137-4_1467502_1468034:m0:f92
20:37:14   [ 375/449] 318935_ec-95-0_1211472_1211508:m0:f22
20:37:45   [ 400/449] 328226_ec-95-2_1221265_1221725:m0:f15
20:38:10   [ 425/449] 3_279_04042026_ec-279-7_952470_953591:m0:f70
20:38:34   init      prompt_every_frame iou_fused 0.5744  iou_polygon 0.5611  by_t [0.635, 0.603, 0.604, 0.585, 0.568, 0.552, 0.531, 0.518]
20:38:34   init      keyframe           iou_fused 0.5253  iou_polygon 0.5057  by_t [0.635, 0.579, 0.561, 0.541, 0.517, 0.492, 0.454, 0.424]
20:38:34   init      conditional        iou_fused 0.5621  iou_polygon 0.5462  by_t [0.635, 0.595, 0.594, 0.573, 0.557, 0.538, 0.51, 0.495]
20:38:34   finetuned: scoring (not scored yet)
20:38:34 tracker prepared: num_maskmem=7 max_cond=2 keep_first=True dropout=0.00 (16 modules, 8 attn) grad_ckpt=False
20:38:38   [   0/449] 1022308_ec-100-4_1488412_1489090:m0:f10
20:39:05   [  25/449] 1022308_ec-164-3_1243865_1244543:m0:f40
20:39:29   [  50/449] 1029713_ec-241-0_1053975_1054375:m0:f71
20:39:59   [  75/449] 1056185_ec-449-3_452383_453906:m0:f40
20:40:29   [ 100/449] 1065181_ec-430-1_483996_485055:m0:f43
20:41:01   [ 125/449] 1065181_ec-437-3_476575_477634:m0:f34
20:41:26   [ 150/449] 1083899_ec-223-1_1147452_1147706:m0:f56
20:41:56   [ 175/449] 1090875_ec-349-3_648246_648337:m0:f33
20:42:22   [ 200/449] 1099811_ec-434-2_496807_497486:m0:f49
20:42:46   [ 225/449] 1160106_ec-339-4_723141_723325:m0:f16
20:43:23   [ 250/449] 1160106_ec-353-0_669795_669979:m0:f43
20:43:48   [ 275/449] 1217888_ec-214-4_1190735_1190957:m0:f25
20:44:12   [ 300/449] 1662246_ec-331-6_862450_863051:m0:f8
20:44:37   [ 325/449] 1664523_ec-131-6_1522075_1522607:m0:f45
20:44:54   [ 350/449] 1664523_ec-137-4_1467502_1468034:m0:f92
20:45:21   [ 375/449] 318935_ec-95-0_1211472_1211508:m0:f22
20:45:53   [ 400/449] 328226_ec-95-2_1221265_1221725:m0:f15
20:46:20   [ 425/449] 3_279_04042026_ec-279-7_952470_953591:m0:f70
20:46:45   finetuned prompt_every_frame iou_fused 0.6373  iou_polygon 0.6223  by_t [0.633, 0.654, 0.658, 0.653, 0.636, 0.631, 0.617, 0.616]
20:46:45   finetuned keyframe           iou_fused 0.5844  iou_polygon 0.5668  by_t [0.633, 0.617, 0.608, 0.601, 0.584, 0.57, 0.545, 0.517]
20:46:45   finetuned conditional        iou_fused 0.6203  iou_polygon 0.6056  by_t [0.633, 0.639, 0.635, 0.633, 0.619, 0.612, 0.598, 0.593]
run_name: 20260925_224922Z_control
GT test set /home/rileydaggs/data/segmentation-test-set-new
  27 incidents, 449 clips, 3592 (clip, t) samples per mode   cache_key 76b304dfd677adb6
  finetuned: /home/rileydaggs/projects/video-ft/ckpts/20260925_224922Z_control/best.pt
  held out: 0 trained incidents, 0 shared cameras

HEADLINE  (mean over (clip, t) samples; best-of-3 is the GT-picked candidate, an oracle)
+-----------------+--------------------+-----------+---------+------------+--------------+-------------+---------+-----------+
| arm             | mode               | IoU fused | delta   | prec fused | recall fused | IoU polygon | delta   | best-of-3 |
+-----------------+--------------------+-----------+---------+------------+--------------+-------------+---------+-----------+
| init (baseline) | prompt_every_frame | 0.5744    | —       | 0.7093     | 0.7692       | 0.5611      | —       | 0.6401    |
| init (baseline) | keyframe           | 0.5253    | —       | 0.7150     | 0.6794       | 0.5057      | —       | 0.6090    |
| init (baseline) | conditional        | 0.5621    | —       | 0.7181     | 0.7451       | 0.5462      | —       | 0.6395    |
| finetuned       | prompt_every_frame | 0.6373    | +0.0630 | 0.7580     | 0.8054       | 0.6223      | +0.0611 | 0.7096    |
| finetuned       | keyframe           | 0.5844    | +0.0591 | 0.7146     | 0.7657       | 0.5668      | +0.0611 | 0.6683    |
| finetuned       | conditional        | 0.6203    | +0.0583 | 0.7484     | 0.7948       | 0.6056      | +0.0593 | 0.6994    |
+-----------------+--------------------+-----------+---------+------------+--------------+-------------+---------+-----------+

iou_fused BY CLIP POSITION t  (a memory bug is a monotone decay in t)
+-----------+--------------------+-------+-------+-------+-------+-------+-------+-------+-------+-----------+--------+
| arm       | mode               | t0    | t1    | t2    | t3    | t4    | t5    | t6    | t7    | t1-7 mean | t7-t1  |
+-----------+--------------------+-------+-------+-------+-------+-------+-------+-------+-------+-----------+--------+
| init      | prompt_every_frame | 0.635 | 0.603 | 0.604 | 0.585 | 0.568 | 0.552 | 0.531 | 0.518 | 0.566     | -0.085 |
| init      | keyframe           | 0.635 | 0.579 | 0.561 | 0.541 | 0.517 | 0.492 | 0.454 | 0.424 | 0.510     | -0.155 |
| init      | conditional        | 0.635 | 0.595 | 0.594 | 0.573 | 0.557 | 0.538 | 0.510 | 0.495 | 0.552     | -0.100 |
| finetuned | prompt_every_frame | 0.633 | 0.654 | 0.658 | 0.653 | 0.636 | 0.631 | 0.617 | 0.616 | 0.638     | -0.038 |
| finetuned | keyframe           | 0.633 | 0.617 | 0.608 | 0.601 | 0.584 | 0.570 | 0.545 | 0.517 | 0.577     | -0.100 |
| finetuned | conditional        | 0.633 | 0.639 | 0.635 | 0.633 | 0.619 | 0.612 | 0.598 | 0.593 | 0.619     | -0.046 |
+-----------+--------------------+-------+-------+-------+-------+-------+-------+-------+-------+-----------+--------+

iou_fused BY FRAME KIND
+-----------+--------------------+-------+----------+------------+
| arm       | mode               | cond  | prompted | propagated |
+-----------+--------------------+-------+----------+------------+
| init      | prompt_every_frame | 0.635 | 0.566    | —          |
| init      | keyframe           | 0.635 | —        | 0.510      |
| init      | conditional        | 0.635 | 0.450    | 0.672      |
| finetuned | prompt_every_frame | 0.633 | 0.638    | —          |
| finetuned | keyframe           | 0.633 | —        | 0.577      |
| finetuned | conditional        | 0.633 | 0.542    | 0.685      |
+-----------+--------------------+-------+----------+------------+

TRACK METRICS  (continuity = IoU of consecutive predicted masks; lost = presence head <= 0 on a GT-positive frame)
+-----------+--------------------+------------+---------------+-----------+---------------+
| arm       | mode               | continuity | GT continuity | lost frac | restarts/clip |
+-----------+--------------------+------------+---------------+-----------+---------------+
| init      | prompt_every_frame | 0.646      | 0.513         | 0.000     | 0.00          |
| init      | keyframe           | 0.644      | 0.513         | 0.013     | 0.00          |
| init      | conditional        | 0.632      | 0.513         | 0.000     | 3.79          |
| finetuned | prompt_every_frame | 0.586      | 0.513         | 0.000     | 0.00          |
| finetuned | keyframe           | 0.624      | 0.513         | 0.001     | 0.00          |
| finetuned | conditional        | 0.580      | 0.513         | 0.000     | 3.25          |
+-----------+--------------------+------------+---------------+-----------+---------------+

PER INCIDENT  (conditional, iou_fused, worst baseline first)
+---------------------------------------+-----+--------+-----------+---------+------------+
| incident                              | n   | init   | finetuned | delta   | samples up |
+---------------------------------------+-----+--------+-----------+---------+------------+
| 324356_ec-325-2_260561_260670         | 144 | 0.2034 | 0.3263    | +0.1230 | 93/144     |
| 318935_ec-95-0_1211472_1211508        | 104 | 0.2613 | 0.3314    | +0.0701 | 74/104     |
| 1849472_ec-566-2_521498_522604        | 128 | 0.2883 | 0.4123    | +0.1240 | 95/128     |
| 1160106_ec-339-4_723141_723325        | 144 | 0.3269 | 0.3612    | +0.0343 | 60/144     |
| 3_279_04042026_ec-279-7_952470_953591 | 144 | 0.3384 | 0.3909    | +0.0525 | 92/144     |
| 1160106_ec-353-0_669795_669979        | 144 | 0.4162 | 0.5838    | +0.1676 | 118/144    |
| 1217888_ec-214-4_1190735_1190957      | 112 | 0.4278 | 0.5941    | +0.1662 | 91/112     |
| 1099811_ec-434-2_496807_497486        | 144 | 0.4442 | 0.4962    | +0.0521 | 88/144     |
| 1022308_ec-100-4_1488412_1489090      | 144 | 0.4498 | 0.6569    | +0.2071 | 114/144    |
| 1045318_ec-201-1_1193662_1194160      | 112 | 0.4933 | 0.4215    | -0.0717 | 34/112     |
| 1664523_ec-137-4_1467502_1468034      | 144 | 0.4935 | 0.5417    | +0.0482 | 102/144    |
| 328226_ec-95-2_1221265_1221725        | 144 | 0.5209 | 0.4836    | -0.0372 | 59/144     |
| 1029713_ec-241-0_1053975_1054375      | 144 | 0.5336 | 0.6092    | +0.0757 | 101/144    |
| 1022308_ec-164-3_1243865_1244543      | 144 | 0.5755 | 0.6672    | +0.0917 | 84/144     |
| 1664350_ec-481-7_573433_574094        | 120 | 0.5806 | 0.6432    | +0.0626 | 83/120     |
| 1664523_ec-131-6_1522075_1522607      | 144 | 0.5807 | 0.6538    | +0.0731 | 94/144     |
| 1662246_ec-331-6_862450_863051        | 144 | 0.6587 | 0.7160    | +0.0573 | 94/144     |
| 1083899_ec-223-1_1147452_1147706      | 144 | 0.6726 | 0.7609    | +0.0883 | 102/144    |
| 1065181_ec-430-1_483996_485055        | 128 | 0.6799 | 0.6096    | -0.0703 | 44/128     |
| 1090875_ec-340-0_699898_699990        | 112 | 0.7144 | 0.8135    | +0.0992 | 76/112     |
| 1179436_ec-258-3_1005013_1005094      | 72  | 0.7186 | 0.7922    | +0.0737 | 50/72      |
| 1090875_ec-349-3_648246_648337        | 144 | 0.7324 | 0.7166    | -0.0158 | 60/144     |
| 1056185_ec-449-3_452383_453906        | 144 | 0.7480 | 0.7321    | -0.0159 | 51/144     |
| 1138080_ec-415-0_521498_522465        | 144 | 0.8018 | 0.8340    | +0.0322 | 99/144     |
| 1065181_ec-437-2_476575_477634        | 144 | 0.8277 | 0.8751    | +0.0474 | 75/144     |
| 1065181_ec-437-3_476575_477634        | 144 | 0.8512 | 0.8652    | +0.0141 | 93/144     |
| 921196_ec-164-0_1196724_1196907       | 112 | 0.8749 | 0.9013    | +0.0264 | 88/112     |
+---------------------------------------+-----+--------+-----------+---------+------------+

WORST SINGLE FRAME IN EACH  (finetuned, conditional, iou_fused; lowest IoU, ties to the biggest GT plume)
+---------------------------------------+---+-------+-------+-------+--------+---------+----------+
| incident                              | t | frame | IoU   | prec  | recall | GT px   | SAM 3 px |
+---------------------------------------+---+-------+-------+-------+--------+---------+----------+
| 1065181_ec-437-2_476575_477634        | 0 | 2     | 0.000 | 0.000 | 0.000  | 0       | 94       |
| 1160106_ec-339-4_723141_723325        | 0 | 10    | 0.000 | 0.000 | 0.000  | 0       | 220      |
| 324356_ec-325-2_260561_260670         | 0 | 1     | 0.000 | 0.000 | 0.000  | 0       | 1,543    |
| 3_279_04042026_ec-279-7_952470_953591 | 0 | 22    | 0.000 | 0.000 | 0.000  | 0       | 138      |
| 1217888_ec-214-4_1190735_1190957      | 5 | 24    | 0.000 | 0.003 | 0.000  | 153,630 | 19,302   |
| 1849472_ec-566-2_521498_522604        | 2 | 44    | 0.011 | 0.012 | 0.115  | 1,152   | 10,936   |
| 1664523_ec-137-4_1467502_1468034      | 0 | 69    | 0.038 | 0.039 | 0.746  | 1,518   | 29,129   |
| 318935_ec-95-0_1211472_1211508        | 0 | 24    | 0.041 | 0.041 | 0.898  | 862     | 18,938   |
| 328226_ec-95-2_1221265_1221725        | 2 | 27    | 0.079 | 0.079 | 1.000  | 1,749   | 22,253   |
| 1664350_ec-481-7_573433_574094        | 4 | 36    | 0.084 | 0.088 | 0.680  | 2,577   | 20,017   |
| 1045318_ec-201-1_1193662_1194160      | 6 | 41    | 0.108 | 0.126 | 0.427  | 16,190  | 54,796   |
| 1160106_ec-353-0_669795_669979        | 0 | 2     | 0.134 | 0.170 | 0.391  | 23      | 53       |
| 1099811_ec-434-2_496807_497486        | 0 | 49    | 0.171 | 0.595 | 0.193  | 101,216 | 32,907   |
| 1029713_ec-241-0_1053975_1054375      | 1 | 57    | 0.200 | 0.876 | 0.206  | 78,040  | 18,356   |
| 1662246_ec-331-6_862450_863051        | 1 | 8     | 0.205 | 0.439 | 0.278  | 270     | 171      |
| 1664523_ec-131-6_1522075_1522607      | 7 | 60    | 0.208 | 0.332 | 0.357  | 29,204  | 31,331   |
| 1138080_ec-415-0_521498_522465        | 0 | 29    | 0.224 | 0.227 | 0.942  | 1,461   | 6,068    |
| 1090875_ec-340-0_699898_699990        | 0 | 2     | 0.265 | 0.295 | 0.719  | 310     | 756      |
| 1083899_ec-223-1_1147452_1147706      | 0 | 43    | 0.270 | 0.906 | 0.278  | 48,374  | 14,847   |
| 1065181_ec-430-1_483996_485055        | 5 | 48    | 0.294 | 0.417 | 0.500  | 40,879  | 49,002   |
| 1022308_ec-164-3_1243865_1244543      | 0 | 34    | 0.314 | 0.971 | 0.317  | 86,123  | 28,104   |
| 1056185_ec-449-3_452383_453906        | 7 | 60    | 0.317 | 0.819 | 0.340  | 75,839  | 31,504   |
| 1022308_ec-100-4_1488412_1489090      | 3 | 64    | 0.324 | 0.382 | 0.680  | 14,715  | 26,241   |
| 1065181_ec-437-3_476575_477634        | 0 | 2     | 0.328 | 0.882 | 0.343  | 4,433   | 1,723    |
| 1090875_ec-349-3_648246_648337        | 7 | 61    | 0.414 | 0.824 | 0.454  | 103,933 | 57,216   |
| 1179436_ec-258-3_1005013_1005094      | 1 | 6     | 0.591 | 0.592 | 0.997  | 10,840  | 18,253   |
| 921196_ec-164-0_1196724_1196907       | 0 | 1     | 0.801 | 0.966 | 0.824  | 4,852   | 4,136    |
+---------------------------------------+---+-------+-------+-------+--------+---------+----------+

20:46:46 wrote /home/rileydaggs/projects/video-ft/ckpts/20260925_224922Z_control/gt_test_set
finalize: GT test set ok (scored just now)
finalize: scoring the GT test set: /home/rileydaggs/projects/video-ft/.venv/bin/python /home/rileydaggs/projects/video-ft/scripts/eval_video.py --run /home/rileydaggs/projects/video-ft/ckpts/20260925_224922Z_control --box-jitter 0.5,2.0
20:46:49 GT test set for 20260925_224922Z_control
20:46:49   /home/rileydaggs/data/segmentation-test-set-new: 27 incidents, 449 clips, modes prompt_every_frame, keyframe, conditional
20:46:49   cache_key 9d573f4124722573
20:46:50   init: cached at /data3/rileydaggs/sam3-video-cvf/eval_cache/gt_test_set/9d573f4124722573/init-a8abf122abc3d90f
20:46:50   init      prompt_every_frame iou_fused 0.4606  iou_polygon 0.4356  by_t [0.469, 0.478, 0.479, 0.478, 0.465, 0.453, 0.444, 0.418]
20:46:50   init      keyframe           iou_fused 0.4532  iou_polygon 0.4243  by_t [0.469, 0.488, 0.485, 0.476, 0.465, 0.438, 0.415, 0.39]
20:46:50   init      conditional        iou_fused 0.4607  iou_polygon 0.4356  by_t [0.469, 0.479, 0.479, 0.478, 0.466, 0.453, 0.443, 0.418]
20:46:50   finetuned: scoring (not scored yet)
/home/rileydaggs/projects/video-ft/sam3/sam3/model_builder.py:8: UserWarning: pkg_resources is deprecated as an API. See https://setuptools.pypa.io/en/latest/pkg_resources.html. The pkg_resources package is slated for removal as early as 2025-11-30. Refrain from using this package or pin to Setuptools<81.
  import pkg_resources
/home/rileydaggs/projects/video-ft/.venv/lib/python3.12/site-packages/timm/models/layers/__init__.py:49: FutureWarning: Importing from timm.models.layers is deprecated, please import via timm.layers
  warnings.warn(f"Importing from {__name__} is deprecated, please import via timm.layers", FutureWarning)
20:47:07 base weights: 1068 tensors from sam3.pt (295 unexpected)
20:47:08 tracker prepared: num_maskmem=7 max_cond=2 keep_first=True dropout=0.00 (16 modules, 8 attn) grad_ckpt=False
20:47:13   [   0/449] 1022308_ec-100-4_1488412_1489090:m0:f10
20:47:51   [  25/449] 1022308_ec-164-3_1243865_1244543:m0:f40
20:48:22   [  50/449] 1029713_ec-241-0_1053975_1054375:m0:f71
20:48:58   [  75/449] 1056185_ec-449-3_452383_453906:m0:f40
20:49:34   [ 100/449] 1065181_ec-430-1_483996_485055:m0:f43
20:50:12   [ 125/449] 1065181_ec-437-3_476575_477634:m0:f34
20:50:50   [ 150/449] 1083899_ec-223-1_1147452_1147706:m0:f56
20:51:30   [ 175/449] 1090875_ec-349-3_648246_648337:m0:f33
20:52:09   [ 200/449] 1099811_ec-434-2_496807_497486:m0:f49
20:52:46   [ 225/449] 1160106_ec-339-4_723141_723325:m0:f16
20:53:24   [ 250/449] 1160106_ec-353-0_669795_669979:m0:f43
20:53:55   [ 275/449] 1217888_ec-214-4_1190735_1190957:m0:f25
20:54:26   [ 300/449] 1662246_ec-331-6_862450_863051:m0:f8
20:54:59   [ 325/449] 1664523_ec-131-6_1522075_1522607:m0:f45
20:55:23   [ 350/449] 1664523_ec-137-4_1467502_1468034:m0:f92
20:55:55   [ 375/449] 318935_ec-95-0_1211472_1211508:m0:f22
20:56:27   [ 400/449] 328226_ec-95-2_1221265_1221725:m0:f15
20:56:54   [ 425/449] 3_279_04042026_ec-279-7_952470_953591:m0:f70
20:57:31   finetuned prompt_every_frame iou_fused 0.5240  iou_polygon 0.4907  by_t [0.495, 0.535, 0.537, 0.539, 0.53, 0.523, 0.517, 0.516]
20:57:31   finetuned keyframe           iou_fused 0.5174  iou_polygon 0.4827  by_t [0.495, 0.544, 0.545, 0.546, 0.53, 0.518, 0.493, 0.468]
20:57:31   finetuned conditional        iou_fused 0.5237  iou_polygon 0.4906  by_t [0.495, 0.534, 0.537, 0.539, 0.53, 0.522, 0.517, 0.515]
run_name: 20260925_224922Z_control
GT test set /home/rileydaggs/data/segmentation-test-set-new
  27 incidents, 449 clips, 3592 (clip, t) samples per mode   cache_key 9d573f4124722573
  finetuned: /home/rileydaggs/projects/video-ft/ckpts/20260925_224922Z_control/best.pt
  held out: 0 trained incidents, 0 shared cameras
  BOX JITTER: every prompt box padded per axis by p ~ U(0.5, 2.0), seeded per frame — the same boxes for every run

HEADLINE  (mean over (clip, t) samples; best-of-3 is the GT-picked candidate, an oracle)
+-----------------+--------------------+-----------+---------+------------+--------------+-------------+---------+-----------+
| arm             | mode               | IoU fused | delta   | prec fused | recall fused | IoU polygon | delta   | best-of-3 |
+-----------------+--------------------+-----------+---------+------------+--------------+-------------+---------+-----------+
| init (baseline) | prompt_every_frame | 0.4606    | —       | 0.5204     | 0.8608       | 0.4356      | —       | 0.5278    |
| init (baseline) | keyframe           | 0.4532    | —       | 0.5507     | 0.7782       | 0.4243      | —       | 0.5353    |
| init (baseline) | conditional        | 0.4607    | —       | 0.5208     | 0.8598       | 0.4356      | —       | 0.5295    |
| finetuned       | prompt_every_frame | 0.5240    | +0.0634 | 0.5780     | 0.8842       | 0.4907      | +0.0551 | 0.6234    |
| finetuned       | keyframe           | 0.5174    | +0.0642 | 0.5964     | 0.8184       | 0.4827      | +0.0583 | 0.6210    |
| finetuned       | conditional        | 0.5237    | +0.0629 | 0.5776     | 0.8845       | 0.4906      | +0.0550 | 0.6252    |
+-----------------+--------------------+-----------+---------+------------+--------------+-------------+---------+-----------+

iou_fused BY CLIP POSITION t  (a memory bug is a monotone decay in t)
+-----------+--------------------+-------+-------+-------+-------+-------+-------+-------+-------+-----------+--------+
| arm       | mode               | t0    | t1    | t2    | t3    | t4    | t5    | t6    | t7    | t1-7 mean | t7-t1  |
+-----------+--------------------+-------+-------+-------+-------+-------+-------+-------+-------+-----------+--------+
| init      | prompt_every_frame | 0.469 | 0.478 | 0.479 | 0.478 | 0.465 | 0.453 | 0.444 | 0.418 | 0.459     | -0.060 |
| init      | keyframe           | 0.469 | 0.488 | 0.485 | 0.476 | 0.465 | 0.438 | 0.415 | 0.390 | 0.451     | -0.098 |
| init      | conditional        | 0.469 | 0.479 | 0.479 | 0.478 | 0.466 | 0.453 | 0.443 | 0.418 | 0.459     | -0.060 |
| finetuned | prompt_every_frame | 0.495 | 0.535 | 0.537 | 0.539 | 0.530 | 0.523 | 0.517 | 0.516 | 0.528     | -0.019 |
| finetuned | keyframe           | 0.495 | 0.544 | 0.545 | 0.546 | 0.530 | 0.518 | 0.493 | 0.468 | 0.521     | -0.076 |
| finetuned | conditional        | 0.495 | 0.534 | 0.537 | 0.539 | 0.530 | 0.522 | 0.517 | 0.515 | 0.528     | -0.019 |
+-----------+--------------------+-------+-------+-------+-------+-------+-------+-------+-------+-----------+--------+

iou_fused BY FRAME KIND
+-----------+--------------------+-------+----------+------------+
| arm       | mode               | cond  | prompted | propagated |
+-----------+--------------------+-------+----------+------------+
| init      | prompt_every_frame | 0.469 | 0.459    | —          |
| init      | keyframe           | 0.469 | —        | 0.451      |
| init      | conditional        | 0.469 | 0.476    | 0.277      |
| finetuned | prompt_every_frame | 0.495 | 0.528    | —          |
| finetuned | keyframe           | 0.495 | —        | 0.521      |
| finetuned | conditional        | 0.495 | 0.531    | 0.445      |
+-----------+--------------------+-------+----------+------------+

TRACK METRICS  (continuity = IoU of consecutive predicted masks; lost = presence head <= 0 on a GT-positive frame)
+-----------+--------------------+------------+---------------+-----------+---------------+
| arm       | mode               | continuity | GT continuity | lost frac | restarts/clip |
+-----------+--------------------+------------+---------------+-----------+---------------+
| init      | prompt_every_frame | 0.700      | 0.507         | 0.000     | 0.00          |
| init      | keyframe           | 0.700      | 0.507         | 0.007     | 0.00          |
| init      | conditional        | 0.699      | 0.507         | 0.000     | 6.41          |
| finetuned | prompt_every_frame | 0.609      | 0.507         | 0.000     | 0.00          |
| finetuned | keyframe           | 0.641      | 0.507         | 0.004     | 0.00          |
| finetuned | conditional        | 0.610      | 0.507         | 0.000     | 6.71          |
+-----------+--------------------+------------+---------------+-----------+---------------+

PER INCIDENT  (conditional, iou_fused, worst baseline first)
+---------------------------------------+-----+--------+-----------+---------+------------+
| incident                              | n   | init   | finetuned | delta   | samples up |
+---------------------------------------+-----+--------+-----------+---------+------------+
| 318935_ec-95-0_1211472_1211508        | 104 | 0.1096 | 0.1185    | +0.0088 | 67/104     |
| 3_279_04042026_ec-279-7_952470_953591 | 144 | 0.1997 | 0.1684    | -0.0312 | 72/144     |
| 324356_ec-325-2_260561_260670         | 144 | 0.2009 | 0.3561    | +0.1552 | 125/144    |
| 1217888_ec-214-4_1190735_1190957      | 112 | 0.2519 | 0.4547    | +0.2028 | 100/112    |
| 1849472_ec-566-2_521498_522604        | 128 | 0.2584 | 0.3094    | +0.0510 | 87/128     |
| 1664523_ec-137-4_1467502_1468034      | 144 | 0.2830 | 0.3554    | +0.0724 | 117/144    |
| 1065181_ec-430-1_483996_485055        | 128 | 0.2848 | 0.4913    | +0.2065 | 105/128    |
| 1029713_ec-241-0_1053975_1054375      | 144 | 0.2858 | 0.3067    | +0.0210 | 80/144     |
| 1160106_ec-353-0_669795_669979        | 144 | 0.2870 | 0.4493    | +0.1623 | 128/144    |
| 1022308_ec-100-4_1488412_1489090      | 144 | 0.3124 | 0.4136    | +0.1012 | 129/144    |
| 328226_ec-95-2_1221265_1221725        | 144 | 0.3475 | 0.3087    | -0.0388 | 81/144     |
| 1045318_ec-201-1_1193662_1194160      | 112 | 0.3634 | 0.3152    | -0.0482 | 52/112     |
| 1160106_ec-339-4_723141_723325        | 144 | 0.3679 | 0.4983    | +0.1304 | 103/144    |
| 1022308_ec-164-3_1243865_1244543      | 144 | 0.4294 | 0.5608    | +0.1315 | 107/144    |
| 1664350_ec-481-7_573433_574094        | 120 | 0.4454 | 0.4188    | -0.0266 | 53/120     |
| 1099811_ec-434-2_496807_497486        | 144 | 0.4873 | 0.5112    | +0.0239 | 71/144     |
| 1664523_ec-131-6_1522075_1522607      | 144 | 0.4894 | 0.5601    | +0.0707 | 116/144    |
| 1662246_ec-331-6_862450_863051        | 144 | 0.5441 | 0.6745    | +0.1304 | 133/144    |
| 1083899_ec-223-1_1147452_1147706      | 144 | 0.5609 | 0.6119    | +0.0510 | 103/144    |
| 1090875_ec-349-3_648246_648337        | 144 | 0.5674 | 0.6625    | +0.0951 | 111/144    |
| 1179436_ec-258-3_1005013_1005094      | 72  | 0.6516 | 0.6110    | -0.0406 | 31/72      |
| 1090875_ec-340-0_699898_699990        | 112 | 0.7189 | 0.7152    | -0.0037 | 54/112     |
| 1056185_ec-449-3_452383_453906        | 144 | 0.7215 | 0.7442    | +0.0227 | 91/144     |
| 1138080_ec-415-0_521498_522465        | 144 | 0.8053 | 0.8339    | +0.0286 | 92/144     |
| 1065181_ec-437-3_476575_477634        | 144 | 0.8201 | 0.8847    | +0.0646 | 129/144    |
| 921196_ec-164-0_1196724_1196907       | 112 | 0.8346 | 0.8596    | +0.0251 | 86/112     |
| 1065181_ec-437-2_476575_477634        | 144 | 0.8374 | 0.8867    | +0.0493 | 113/144    |
+---------------------------------------+-----+--------+-----------+---------+------------+

WORST SINGLE FRAME IN EACH  (finetuned, conditional, iou_fused; lowest IoU, ties to the biggest GT plume)
+---------------------------------------+---+-------+-------+-------+--------+--------+----------+
| incident                              | t | frame | IoU   | prec  | recall | GT px  | SAM 3 px |
+---------------------------------------+---+-------+-------+-------+--------+--------+----------+
| 1849472_ec-566-2_521498_522604        | 2 | 44    | 0.000 | 0.000 | 0.000  | 960    | 10,686   |
| 3_279_04042026_ec-279-7_952470_953591 | 5 | 62    | 0.000 | 0.000 | 0.000  | 247    | 101      |
| 318935_ec-95-0_1211472_1211508        | 0 | 26    | 0.000 | 0.000 | 0.000  | 178    | 1,198    |
| 1065181_ec-437-2_476575_477634        | 0 | 2     | 0.000 | 0.000 | 0.000  | 0      | 342      |
| 1160106_ec-339-4_723141_723325        | 0 | 4     | 0.000 | 0.000 | 0.000  | 0      | 443      |
| 1664523_ec-137-4_1467502_1468034      | 0 | 69    | 0.015 | 0.015 | 1.000  | 236    | 16,070   |
| 1160106_ec-353-0_669795_669979        | 0 | 2     | 0.016 | 0.019 | 0.091  | 22     | 108      |
| 324356_ec-325-2_260561_260670         | 0 | 46    | 0.016 | 0.016 | 0.976  | 1,562  | 96,600   |
| 1022308_ec-164-3_1243865_1244543      | 2 | 38    | 0.025 | 0.157 | 0.029  | 20,644 | 3,878    |
| 328226_ec-95-2_1221265_1221725        | 2 | 27    | 0.035 | 0.035 | 1.000  | 700    | 20,242   |
| 1138080_ec-415-0_521498_522465        | 0 | 29    | 0.037 | 0.037 | 1.000  | 669    | 18,046   |
| 1664350_ec-481-7_573433_574094        | 2 | 36    | 0.040 | 0.040 | 1.000  | 2,037  | 50,421   |
| 1217888_ec-214-4_1190735_1190957      | 0 | 8     | 0.042 | 0.102 | 0.067  | 2,213  | 1,460    |
| 1099811_ec-434-2_496807_497486        | 0 | 1     | 0.049 | 0.049 | 1.000  | 77     | 1,569    |
| 1662246_ec-331-6_862450_863051        | 0 | 2     | 0.065 | 0.065 | 1.000  | 55     | 844      |
| 1029713_ec-241-0_1053975_1054375      | 6 | 76    | 0.071 | 0.075 | 0.589  | 2,661  | 20,843   |
| 1022308_ec-100-4_1488412_1489090      | 0 | 59    | 0.098 | 0.099 | 0.952  | 2,256  | 21,807   |
| 1045318_ec-201-1_1193662_1194160      | 3 | 38    | 0.104 | 0.104 | 0.974  | 6,331  | 59,108   |
| 1090875_ec-340-0_699898_699990        | 0 | 2     | 0.123 | 0.123 | 1.000  | 253    | 2,060    |
| 1664523_ec-131-6_1522075_1522607      | 0 | 49    | 0.124 | 0.126 | 0.855  | 6,047  | 40,957   |
| 1083899_ec-223-1_1147452_1147706      | 2 | 46    | 0.177 | 0.204 | 0.572  | 15,018 | 42,130   |
| 1056185_ec-449-3_452383_453906        | 0 | 2     | 0.188 | 0.193 | 0.885  | 331    | 1,520    |
| 1179436_ec-258-3_1005013_1005094      | 0 | 1     | 0.211 | 0.213 | 0.965  | 255    | 1,155    |
| 1065181_ec-430-1_483996_485055        | 1 | 13    | 0.244 | 0.244 | 1.000  | 27,109 | 111,142  |
| 1090875_ec-349-3_648246_648337        | 0 | 1     | 0.246 | 0.246 | 1.000  | 751    | 3,051    |
| 1065181_ec-437-3_476575_477634        | 0 | 8     | 0.424 | 0.432 | 0.954  | 11,279 | 24,900   |
| 921196_ec-164-0_1196724_1196907       | 7 | 37    | 0.655 | 0.663 | 0.984  | 26,447 | 39,270   |
+---------------------------------------+---+-------+-------+-------+--------+--------+----------+

20:57:32 wrote /home/rileydaggs/projects/video-ft/ckpts/20260925_224922Z_control/gt_test_set_boxjitter
finalize: GT test set, jittered boxes ok (scored just now)
